../Core/Src/imu_dashboard.c:57:19:IMU_Dashboard_Draw	24	static
../Core/Src/imu_dashboard.c:76:13:IMU_Dashboard_InitColors	8	static
../Core/Src/imu_dashboard.c:95:13:IMU_Dashboard_Clear	24	static
../Core/Src/imu_dashboard.c:101:13:IMU_Dashboard_DrawPixel	16	static
../Core/Src/imu_dashboard.c:110:13:IMU_Dashboard_DrawLine	40	static
../Core/Src/imu_dashboard.c:136:13:IMU_Dashboard_DrawThickLine	40	static
../Core/Src/imu_dashboard.c:144:13:IMU_Dashboard_DrawRect	40	static
../Core/Src/imu_dashboard.c:157:13:IMU_Dashboard_FillRect	32	static
../Core/Src/imu_dashboard.c:166:13:IMU_Dashboard_DrawGrid	48	static
../Core/Src/imu_dashboard.c:182:13:IMU_Dashboard_DrawBody	96	static
../Core/Src/imu_dashboard.c:229:13:IMU_Dashboard_DrawAxis	24	static
../Core/Src/imu_dashboard.c:234:13:IMU_Dashboard_DrawArrowHead	56	static
../Core/Src/imu_dashboard.c:262:13:IMU_Dashboard_DrawReadouts	24	static
../Core/Src/imu_dashboard.c:280:13:IMU_Dashboard_DrawText	24	static
../Core/Src/imu_dashboard.c:288:13:IMU_Dashboard_DrawChar	40	static
../Core/Src/imu_dashboard.c:302:23:IMU_Dashboard_Glyph	16	static
../Core/Src/imu_dashboard.c:364:16:IMU_Dashboard_ClampInt16	16	static
../Core/Src/imu_dashboard.c:376:16:IMU_Dashboard_FloatToScaled	32	static
../Core/Src/imu_dashboard.c:382:13:IMU_Dashboard_FormatCenti	32	static
../Core/Src/imu_dashboard.c:396:13:IMU_Dashboard_FormatInteger	32	static
