../Core/Src/imu_dashboard.c:60:19:IMU_Dashboard_Draw	24	static
../Core/Src/imu_dashboard.c:79:13:IMU_Dashboard_InitColors	8	static
../Core/Src/imu_dashboard.c:96:13:IMU_Dashboard_Clear	24	static
../Core/Src/imu_dashboard.c:102:13:IMU_Dashboard_DrawPixel	16	static
../Core/Src/imu_dashboard.c:111:13:IMU_Dashboard_DrawLine	40	static
../Core/Src/imu_dashboard.c:137:13:IMU_Dashboard_DrawThickLine	40	static
../Core/Src/imu_dashboard.c:145:13:IMU_Dashboard_DrawRect	40	static
../Core/Src/imu_dashboard.c:158:13:IMU_Dashboard_DrawCircle	32	static
../Core/Src/imu_dashboard.c:184:13:IMU_Dashboard_FillCircle	32	static
../Core/Src/imu_dashboard.c:196:13:IMU_Dashboard_DrawGrid	104	static
../Core/Src/imu_dashboard.c:252:13:IMU_Dashboard_DrawOriginView	72	static
../Core/Src/imu_dashboard.c:291:13:IMU_Dashboard_DrawAxis	24	static
../Core/Src/imu_dashboard.c:296:13:IMU_Dashboard_DrawArrowHead	56	static
../Core/Src/imu_dashboard.c:324:13:IMU_Dashboard_DrawReadouts	24	static
../Core/Src/imu_dashboard.c:342:13:IMU_Dashboard_DrawText	24	static
../Core/Src/imu_dashboard.c:350:13:IMU_Dashboard_DrawChar	40	static
../Core/Src/imu_dashboard.c:364:23:IMU_Dashboard_Glyph	16	static
../Core/Src/imu_dashboard.c:426:16:IMU_Dashboard_ClampInt16	16	static
../Core/Src/imu_dashboard.c:438:16:IMU_Dashboard_FloatToScaled	32	static
../Core/Src/imu_dashboard.c:444:13:IMU_Dashboard_FormatCenti	32	static
../Core/Src/imu_dashboard.c:458:13:IMU_Dashboard_FormatInteger	32	static
