Archive member included to satisfy reference by file (symbol)

/Applications/STM32CubeIDE.app/Contents/Eclipse/plugins/com.st.stm32cube.ide.mcu.externaltools.gnu-tools-for-stm32.14.3.rel1.macos64_1.0.0.202510090749/tools/bin/../lib/gcc/arm-none-eabi/14.3.1/../../../../arm-none-eabi/lib/thumb/v7e-m+fp/hard/libc_nano.a(libc_a-exit.o)
                              /Applications/STM32CubeIDE.app/Contents/Eclipse/plugins/com.st.stm32cube.ide.mcu.externaltools.gnu-tools-for-stm32.14.3.rel1.macos64_1.0.0.202510090749/tools/bin/../lib/gcc/arm-none-eabi/14.3.1/../../../../arm-none-eabi/lib/thumb/v7e-m+fp/hard/crt0.o (exit)
/Applications/STM32CubeIDE.app/Contents/Eclipse/plugins/com.st.stm32cube.ide.mcu.externaltools.gnu-tools-for-stm32.14.3.rel1.macos64_1.0.0.202510090749/tools/bin/../lib/gcc/arm-none-eabi/14.3.1/../../../../arm-none-eabi/lib/thumb/v7e-m+fp/hard/libc_nano.a(libc_a-findfp.o)
                              /Applications/STM32CubeIDE.app/Contents/Eclipse/plugins/com.st.stm32cube.ide.mcu.externaltools.gnu-tools-for-stm32.14.3.rel1.macos64_1.0.0.202510090749/tools/bin/../lib/gcc/arm-none-eabi/14.3.1/../../../../arm-none-eabi/lib/thumb/v7e-m+fp/hard/libc_nano.a(libc_a-exit.o) (__stdio_exit_handler)
/Applications/STM32CubeIDE.app/Contents/Eclipse/plugins/com.st.stm32cube.ide.mcu.externaltools.gnu-tools-for-stm32.14.3.rel1.macos64_1.0.0.202510090749/tools/bin/../lib/gcc/arm-none-eabi/14.3.1/../../../../arm-none-eabi/lib/thumb/v7e-m+fp/hard/libc_nano.a(libc_a-fwalk.o)
                              /Applications/STM32CubeIDE.app/Contents/Eclipse/plugins/com.st.stm32cube.ide.mcu.externaltools.gnu-tools-for-stm32.14.3.rel1.macos64_1.0.0.202510090749/tools/bin/../lib/gcc/arm-none-eabi/14.3.1/../../../../arm-none-eabi/lib/thumb/v7e-m+fp/hard/libc_nano.a(libc_a-findfp.o) (_fwalk_sglue)
/Applications/STM32CubeIDE.app/Contents/Eclipse/plugins/com.st.stm32cube.ide.mcu.externaltools.gnu-tools-for-stm32.14.3.rel1.macos64_1.0.0.202510090749/tools/bin/../lib/gcc/arm-none-eabi/14.3.1/../../../../arm-none-eabi/lib/thumb/v7e-m+fp/hard/libc_nano.a(libc_a-memset.o)
                              /Applications/STM32CubeIDE.app/Contents/Eclipse/plugins/com.st.stm32cube.ide.mcu.externaltools.gnu-tools-for-stm32.14.3.rel1.macos64_1.0.0.202510090749/tools/bin/../lib/gcc/arm-none-eabi/14.3.1/../../../../arm-none-eabi/lib/thumb/v7e-m+fp/hard/crt0.o (memset)
/Applications/STM32CubeIDE.app/Contents/Eclipse/plugins/com.st.stm32cube.ide.mcu.externaltools.gnu-tools-for-stm32.14.3.rel1.macos64_1.0.0.202510090749/tools/bin/../lib/gcc/arm-none-eabi/14.3.1/../../../../arm-none-eabi/lib/thumb/v7e-m+fp/hard/libc_nano.a(libc_a-errno.o)
                              ./Core/Src/syscalls.o (__errno)
/Applications/STM32CubeIDE.app/Contents/Eclipse/plugins/com.st.stm32cube.ide.mcu.externaltools.gnu-tools-for-stm32.14.3.rel1.macos64_1.0.0.202510090749/tools/bin/../lib/gcc/arm-none-eabi/14.3.1/../../../../arm-none-eabi/lib/thumb/v7e-m+fp/hard/libc_nano.a(libc_a-init.o)
                              /Applications/STM32CubeIDE.app/Contents/Eclipse/plugins/com.st.stm32cube.ide.mcu.externaltools.gnu-tools-for-stm32.14.3.rel1.macos64_1.0.0.202510090749/tools/bin/../lib/gcc/arm-none-eabi/14.3.1/../../../../arm-none-eabi/lib/thumb/v7e-m+fp/hard/crt0.o (__libc_init_array)
/Applications/STM32CubeIDE.app/Contents/Eclipse/plugins/com.st.stm32cube.ide.mcu.externaltools.gnu-tools-for-stm32.14.3.rel1.macos64_1.0.0.202510090749/tools/bin/../lib/gcc/arm-none-eabi/14.3.1/../../../../arm-none-eabi/lib/thumb/v7e-m+fp/hard/libc_nano.a(libc_a-lock.o)
                              /Applications/STM32CubeIDE.app/Contents/Eclipse/plugins/com.st.stm32cube.ide.mcu.externaltools.gnu-tools-for-stm32.14.3.rel1.macos64_1.0.0.202510090749/tools/bin/../lib/gcc/arm-none-eabi/14.3.1/../../../../arm-none-eabi/lib/thumb/v7e-m+fp/hard/libc_nano.a(libc_a-findfp.o) (__retarget_lock_init_recursive)
/Applications/STM32CubeIDE.app/Contents/Eclipse/plugins/com.st.stm32cube.ide.mcu.externaltools.gnu-tools-for-stm32.14.3.rel1.macos64_1.0.0.202510090749/tools/bin/../lib/gcc/arm-none-eabi/14.3.1/../../../../arm-none-eabi/lib/thumb/v7e-m+fp/hard/libc_nano.a(libc_a-impure.o)
                              /Applications/STM32CubeIDE.app/Contents/Eclipse/plugins/com.st.stm32cube.ide.mcu.externaltools.gnu-tools-for-stm32.14.3.rel1.macos64_1.0.0.202510090749/tools/bin/../lib/gcc/arm-none-eabi/14.3.1/../../../../arm-none-eabi/lib/thumb/v7e-m+fp/hard/libc_nano.a(libc_a-errno.o) (_impure_ptr)
/Applications/STM32CubeIDE.app/Contents/Eclipse/plugins/com.st.stm32cube.ide.mcu.externaltools.gnu-tools-for-stm32.14.3.rel1.macos64_1.0.0.202510090749/tools/bin/../lib/gcc/arm-none-eabi/14.3.1/../../../../arm-none-eabi/lib/thumb/v7e-m+fp/hard/libc_nano.a(libc_a-mallocr.o)
[...]
Memory Configuration

Name             Origin             Length             Attributes
RAM              0x20000000         0x00020000         xrw
FLASH            0x08000000         0x00080000         xr
*default*        0x00000000         0xffffffff

Linker script and memory map

LOAD /Applications/STM32CubeIDE.app/Contents/Eclipse/plugins/com.st.stm32cube.ide.mcu.externaltools.gnu-tools-for-stm32.14.3.rel1.macos64_1.0.0.202510090749/tools/bin/../lib/gcc/arm-none-eabi/14.3.1/thumb/v7e-m+fp/hard/crti.o
LOAD /Applications/STM32CubeIDE.app/Contents/Eclipse/plugins/com.st.stm32cube.ide.mcu.externaltools.gnu-tools-for-stm32.14.3.rel1.macos64_1.0.0.202510090749/tools/bin/../lib/gcc/arm-none-eabi/14.3.1/thumb/v7e-m+fp/hard/crtbegin.o
LOAD /Applications/STM32CubeIDE.app/Contents/Eclipse/plugins/com.st.stm32cube.ide.mcu.externaltools.gnu-tools-for-stm32.14.3.rel1.macos64_1.0.0.202510090749/tools/bin/../lib/gcc/arm-none-eabi/14.3.1/../../../../arm-none-eabi/lib/thumb/v7e-m+fp/hard/crt0.o
LOAD ./Core/Src/imu_dashboard.o
LOAD ./Core/Src/main.o
LOAD ./Core/Src/mpu6050.o
LOAD ./Core/Src/st7789.o
LOAD ./Core/Src/stm32f4xx_hal_msp.o
LOAD ./Core/Src/stm32f4xx_it.o
LOAD ./Core/Src/syscalls.o
LOAD ./Core/Src/sysmem.o
LOAD ./Core/Src/system_stm32f4xx.o
LOAD ./Core/Startup/startup_stm32f411ceux.o
LOAD ./Drivers/STM32F4xx_HAL_Driver/Src/stm32f4xx_hal.o
LOAD ./Drivers/STM32F4xx_HAL_Driver/Src/stm32f4xx_hal_adc.o
LOAD ./Drivers/STM32F4xx_HAL_Driver/Src/stm32f4xx_hal_adc_ex.o
LOAD ./Drivers/STM32F4xx_HAL_Driver/Src/stm32f4xx_hal_cortex.o
LOAD ./Drivers/STM32F4xx_HAL_Driver/Src/stm32f4xx_hal_dma.o
LOAD ./Drivers/STM32F4xx_HAL_Driver/Src/stm32f4xx_hal_dma_ex.o
LOAD ./Drivers/STM32F4xx_HAL_Driver/Src/stm32f4xx_hal_exti.o
LOAD ./Drivers/STM32F4xx_HAL_Driver/Src/stm32f4xx_hal_flash.o
LOAD ./Drivers/STM32F4xx_HAL_Driver/Src/stm32f4xx_hal_flash_ex.o
LOAD ./Drivers/STM32F4xx_HAL_Driver/Src/stm32f4xx_hal_flash_ramfunc.o
LOAD ./Drivers/STM32F4xx_HAL_Driver/Src/stm32f4xx_hal_gpio.o
LOAD ./Drivers/STM32F4xx_HAL_Driver/Src/stm32f4xx_hal_i2c.o
LOAD ./Drivers/STM32F4xx_HAL_Driver/Src/stm32f4xx_hal_i2c_ex.o
LOAD ./Drivers/STM32F4xx_HAL_Driver/Src/stm32f4xx_hal_pwr.o
LOAD ./Drivers/STM32F4xx_HAL_Driver/Src/stm32f4xx_hal_pwr_ex.o
LOAD ./Drivers/STM32F4xx_HAL_Driver/Src/stm32f4xx_hal_rcc.o
LOAD ./Drivers/STM32F4xx_HAL_Driver/Src/stm32f4xx_hal_rcc_ex.o
LOAD ./Drivers/STM32F4xx_HAL_Driver/Src/stm32f4xx_hal_spi.o
LOAD ./Drivers/STM32F4xx_HAL_Driver/Src/stm32f4xx_ll_adc.o
START GROUP
LOAD /Applications/STM32CubeIDE.app/Contents/Eclipse/plugins/com.st.stm32cube.ide.mcu.externaltools.gnu-tools-for-stm32.14.3.rel1.macos64_1.0.0.202510090749/tools/bin/../lib/gcc/arm-none-eabi/14.3.1/../../../../arm-none-eabi/lib/thumb/v7e-m+fp/hard/libc_nano.a
LOAD /Applications/STM32CubeIDE.app/Contents/Eclipse/plugins/com.st.stm32cube.ide.mcu.externaltools.gnu-tools-for-stm32.14.3.rel1.macos64_1.0.0.202510090749/tools/bin/../lib/gcc/arm-none-eabi/14.3.1/../../../../arm-none-eabi/lib/thumb/v7e-m+fp/hard/libm.a
END GROUP
START GROUP
LOAD /Applications/STM32CubeIDE.app/Contents/Eclipse/plugins/com.st.stm32cube.ide.mcu.externaltools.gnu-tools-for-stm32.14.3.rel1.macos64_1.0.0.202510090749/tools/bin/../lib/gcc/arm-none-eabi/14.3.1/thumb/v7e-m+fp/hard/libgcc.a
LOAD /Applications/STM32CubeIDE.app/Contents/Eclipse/plugins/com.st.stm32cube.ide.mcu.externaltools.gnu-tools-for-stm32.14.3.rel1.macos64_1.0.0.202510090749/tools/bin/../lib/gcc/arm-none-eabi/14.3.1/../../../../arm-none-eabi/lib/thumb/v7e-m+fp/hard/libc_nano.a
END GROUP
START GROUP
LOAD /Applications/STM32CubeIDE.app/Contents/Eclipse/plugins/com.st.stm32cube.ide.mcu.externaltools.gnu-tools-for-stm32.14.3.rel1.macos64_1.0.0.202510090749/tools/bin/../lib/gcc/arm-none-eabi/14.3.1/thumb/v7e-m+fp/hard/libgcc.a
LOAD /Applications/STM32CubeIDE.app/Contents/Eclipse/plugins/com.st.stm32cube.ide.mcu.externaltools.gnu-tools-for-stm32.14.3.rel1.macos64_1.0.0.202510090749/tools/bin/../lib/gcc/arm-none-eabi/14.3.1/../../../../arm-none-eabi/lib/thumb/v7e-m+fp/hard/libc_nano.a
LOAD /Applications/STM32CubeIDE.app/Contents/Eclipse/plugins/com.st.stm32cube.ide.mcu.externaltools.gnu-tools-for-stm32.14.3.rel1.macos64_1.0.0.202510090749/tools/bin/../lib/gcc/arm-none-eabi/14.3.1/../../../../arm-none-eabi/lib/thumb/v7e-m+fp/hard/libnosys.a
END GROUP
START GROUP
LOAD /Applications/STM32CubeIDE.app/Contents/Eclipse/plugins/com.st.stm32cube.ide.mcu.externaltools.gnu-tools-for-stm32.14.3.rel1.macos64_1.0.0.202510090749/tools/bin/../lib/gcc/arm-none-eabi/14.3.1/thumb/v7e-m+fp/hard/libgcc.a
LOAD /Applications/STM32CubeIDE.app/Contents/Eclipse/plugins/com.st.stm32cube.ide.mcu.externaltools.gnu-tools-for-stm32.14.3.rel1.macos64_1.0.0.202510090749/tools/bin/../lib/gcc/arm-none-eabi/14.3.1/../../../../arm-none-eabi/lib/thumb/v7e-m+fp/hard/libc_nano.a
LOAD /Applications/STM32CubeIDE.app/Contents/Eclipse/plugins/com.st.stm32cube.ide.mcu.externaltools.gnu-tools-for-stm32.14.3.rel1.macos64_1.0.0.202510090749/tools/bin/../lib/gcc/arm-none-eabi/14.3.1/../../../../arm-none-eabi/lib/thumb/v7e-m+fp/hard/libnosys.a
END GROUP
LOAD /Applications/STM32CubeIDE.app/Contents/Eclipse/plugins/com.st.stm32cube.ide.mcu.externaltools.gnu-tools-for-stm32.14.3.rel1.macos64_1.0.0.202510090749/tools/bin/../lib/gcc/arm-none-eabi/14.3.1/thumb/v7e-m+fp/hard/crtend.o
LOAD /Applications/STM32CubeIDE.app/Contents/Eclipse/plugins/com.st.stm32cube.ide.mcu.externaltools.gnu-tools-for-stm32.14.3.rel1.macos64_1.0.0.202510090749/tools/bin/../lib/gcc/arm-none-eabi/14.3.1/thumb/v7e-m+fp/hard/crtn.o
                0x20020000                        _estack = (ORIGIN (RAM) + LENGTH (RAM))
                0x00000200                        _Min_Heap_Size = 0x200
                0x00000400                        _Min_Stack_Size = 0x400

.isr_vector     0x08000000      0x198
                0x08000000                        . = ALIGN (0x4)
 *(.isr_vector)
 .isr_vector    0x08000000      0x198 ./Core/Startup/startup_stm32f411ceux.o
                0x08000000                g_pfnVectors
                0x08000198                        . = ALIGN (0x4)

.text           0x08000198     0x5b64
                0x08000198                        . = ALIGN (0x4)
 *(.text)
 .text          0x08000198       0x40 /Applications/STM32CubeIDE.app/Contents/Eclipse/plugins/com.st.stm32cube.ide.mcu.externaltools.gnu-tools-for-stm32.14.3.rel1.macos64_1.0.0.202510090749/tools/bin/../lib/gcc/arm-none-eabi/14.3.1/thumb/v7e-m+fp/hard/crtbegin.o
 .text          0x080001d8       0x30 /Applications/STM32CubeIDE.app/Contents/Eclipse/plugins/com.st.stm32cube.ide.mcu.externaltools.gnu-tools-for-stm32.14.3.rel1.macos64_1.0.0.202510090749/tools/bin/../lib/gcc/arm-none-eabi/14.3.1/thumb/v7e-m+fp/hard/libgcc.a(_aeabi_uldivmod.o)
                0x080001d8                __aeabi_uldivmod
 .text          0x08000208      0x2f8 /Applications/STM32CubeIDE.app/Contents/Eclipse/plugins/com.st.stm32cube.ide.mcu.externaltools.gnu-tools-for-stm32.14.3.rel1.macos64_1.0.0.202510090749/tools/bin/../lib/gcc/arm-none-eabi/14.3.1/thumb/v7e-m+fp/hard/libgcc.a(_udivmoddi4.o)
                0x08000208                __udivmoddi4
 .text          0x08000500        0x4 /Applications/STM32CubeIDE.app/Contents/Eclipse/plugins/com.st.stm32cube.ide.mcu.externaltools.gnu-tools-for-stm32.14.3.rel1.macos64_1.0.0.202510090749/tools/bin/../lib/gcc/arm-none-eabi/14.3.1/thumb/v7e-m+fp/hard/libgcc.a(_dvmd_tls.o)
                0x08000500                __aeabi_ldiv0
                0x08000500                __aeabi_idiv0
 *(.text*)
 .text.IMU_Dashboard_Draw
                0x08000504       0x60 ./Core/Src/imu_dashboard.o
                0x08000504                IMU_Dashboard_Draw
 .text.IMU_Dashboard_InitColors
                0x08000564       0xe4 ./Core/Src/imu_dashboard.o
 .text.IMU_Dashboard_Clear
                0x08000648       0x3c ./Core/Src/imu_dashboard.o
 .text.IMU_Dashboard_DrawPixel
                0x08000684       0x60 ./Core/Src/imu_dashboard.o
 .text.IMU_Dashboard_DrawLine
                0x080006e4      0x134 ./Core/Src/imu_dashboard.o
 .text.IMU_Dashboard_DrawThickLine
                0x08000818       0x8a ./Core/Src/imu_dashboard.o
 .text.IMU_Dashboard_DrawRect
                0x080008a2       0xa6 ./Core/Src/imu_dashboard.o
 .text.IMU_Dashboard_FillRect
                0x08000948       0x80 ./Core/Src/imu_dashboard.o
 .text.IMU_Dashboard_DrawGrid
                0x080009c8       0xdc ./Core/Src/imu_dashboard.o
 .text.IMU_Dashboard_DrawBody
                0x08000aa4      0x358 ./Core/Src/imu_dashboard.o
 .text.IMU_Dashboard_DrawAxis
                0x08000dfc       0x2e ./Core/Src/imu_dashboard.o
 .text.IMU_Dashboard_DrawArrowHead
                0x08000e2a      0x188 ./Core/Src/imu_dashboard.o
 *fill*         0x08000fb2        0x2 
 .text.IMU_Dashboard_DrawReadouts
                0x08000fb4      0x118 ./Core/Src/imu_dashboard.o
 .text.IMU_Dashboard_DrawText
                0x080010cc       0x4a ./Core/Src/imu_dashboard.o
 .text.IMU_Dashboard_DrawChar
                0x08001116       0x90 ./Core/Src/imu_dashboard.o
 *fill*         0x080011a6        0x2 
 .text.IMU_Dashboard_Glyph
                0x080011a8      0x180 ./Core/Src/imu_dashboard.o
 .text.IMU_Dashboard_ClampInt16
                0x08001328       0x46 ./Core/Src/imu_dashboard.o
 .text.IMU_Dashboard_FloatToScaled
                0x0800136e       0x4a ./Core/Src/imu_dashboard.o
 .text.IMU_Dashboard_FormatCenti
                0x080013b8       0xf0 ./Core/Src/imu_dashboard.o
 .text.IMU_Dashboard_FormatInteger
                0x080014a8       0xf8 ./Core/Src/imu_dashboard.o
 .text.main     0x080015a0       0xa0 ./Core/Src/main.o
                0x080015a0                main
 .text.SystemClock_Config
                0x08001640       0xbc ./Core/Src/main.o
                0x08001640                SystemClock_Config
 .text.MX_ADC1_Init
                0x080016fc       0xa4 ./Core/Src/main.o
 .text.MX_I2C1_Init
                0x080017a0       0x5c ./Core/Src/main.o
 .text.MX_I2C2_Init
                0x080017fc       0x5c ./Core/Src/main.o
 .text.MX_SPI1_Init
                0x08001858       0x6c ./Core/Src/main.o
 .text.MX_DMA_Init
                0x080018c4       0x40 ./Core/Src/main.o
 .text.MX_GPIO_Init
                0x08001904       0xb0 ./Core/Src/main.o
 .text.Error_Handler
                0x080019b4        0xc ./Core/Src/main.o
                0x080019b4                Error_Handler
 .text.MPU6050_Init
                0x080019c0      0x104 ./Core/Src/mpu6050.o
                0x080019c0                MPU6050_Init
 .text.MPU6050_ReadAll
                0x08001ac4      0x1b4 ./Core/Src/mpu6050.o
                0x08001ac4                MPU6050_ReadAll
 .text.MPU6050_ReadDeviceId
                0x08001c78       0x38 ./Core/Src/mpu6050.o
                0x08001c78                MPU6050_ReadDeviceId
 .text.MPU6050_HalAddress
                0x08001cb0       0x1c ./Core/Src/mpu6050.o
 .text.MPU6050_ToInt16
                0x08001ccc       0x2c ./Core/Src/mpu6050.o
 .text.MPU6050_WriteRegister
                0x08001cf8       0x40 ./Core/Src/mpu6050.o
 .text.MPU6050_ReadRegisters
                0x08001d38       0x66 ./Core/Src/mpu6050.o
 *fill*         0x08001d9e        0x2 
 .text.ST7789_Init
                0x08001da0      0x14c ./Core/Src/st7789.o
                0x08001da0                ST7789_Init
 .text.ST7789_FillScreen
                0x08001eec       0x90 ./Core/Src/st7789.o
                0x08001eec                ST7789_FillScreen
 .text.ST7789_DrawRgb565Dma
                0x08001f7c       0xe0 ./Core/Src/st7789.o
                0x08001f7c                ST7789_DrawRgb565Dma
 .text.ST7789_IsBusy
                0x0800205c       0x18 ./Core/Src/st7789.o
                0x0800205c                ST7789_IsBusy
 .text.ST7789_WaitForDma
                0x08002074       0x20 ./Core/Src/st7789.o
                0x08002074                ST7789_WaitForDma
 .text.ST7789_Color565
                0x08002094       0x62 ./Core/Src/st7789.o
                0x08002094                ST7789_Color565
 *fill*         0x080020f6        0x2 
 .text.HAL_SPI_TxCpltCallback
                0x080020f8       0x64 ./Core/Src/st7789.o
                0x080020f8                HAL_SPI_TxCpltCallback
 .text.ST7789_Select
                0x0800215c       0x18 ./Core/Src/st7789.o
 .text.ST7789_Unselect
                0x08002174       0x18 ./Core/Src/st7789.o
 .text.ST7789_CommandMode
                0x0800218c       0x18 ./Core/Src/st7789.o
 .text.ST7789_DataMode
                0x080021a4       0x18 ./Core/Src/st7789.o
 .text.ST7789_WriteCommand
                0x080021bc       0x3c ./Core/Src/st7789.o
 .text.ST7789_WriteData
                0x080021f8       0x3c ./Core/Src/st7789.o
 .text.ST7789_SetAddressWindow
                0x08002234       0xea ./Core/Src/st7789.o
 *fill*         0x0800231e        0x2 
 .text.ST7789_StartNextDmaChunk
                0x08002320       0x64 ./Core/Src/st7789.o
 .text.ST7789_Reset
                0x08002384       0x30 ./Core/Src/st7789.o
 .text.HAL_MspInit
                0x080023b4       0x50 ./Core/Src/stm32f4xx_hal_msp.o
                0x080023b4                HAL_MspInit
 .text.HAL_ADC_MspInit
                0x08002404       0x88 ./Core/Src/stm32f4xx_hal_msp.o
                0x08002404                HAL_ADC_MspInit
 .text.HAL_I2C_MspInit
                0x0800248c      0x118 ./Core/Src/stm32f4xx_hal_msp.o
                0x0800248c                HAL_I2C_MspInit
 .text.HAL_SPI_MspInit
                0x080025a4       0xf4 ./Core/Src/stm32f4xx_hal_msp.o
                0x080025a4                HAL_SPI_MspInit
 .text.NMI_Handler
                0x08002698        0x8 ./Core/Src/stm32f4xx_it.o
                0x08002698                NMI_Handler
 .text.HardFault_Handler
                0x080026a0        0x8 ./Core/Src/stm32f4xx_it.o
                0x080026a0                HardFault_Handler
 .text.MemManage_Handler
                0x080026a8        0x8 ./Core/Src/stm32f4xx_it.o
                0x080026a8                MemManage_Handler
 .text.BusFault_Handler
                0x080026b0        0x8 ./Core/Src/stm32f4xx_it.o
                0x080026b0                BusFault_Handler
 .text.UsageFault_Handler
                0x080026b8        0x8 ./Core/Src/stm32f4xx_it.o
                0x080026b8                UsageFault_Handler
 .text.SVC_Handler
                0x080026c0        0xe ./Core/Src/stm32f4xx_it.o
                0x080026c0                SVC_Handler
 .text.DebugMon_Handler
                0x080026ce        0xe ./Core/Src/stm32f4xx_it.o
                0x080026ce                DebugMon_Handler
 .text.PendSV_Handler
                0x080026dc        0xe ./Core/Src/stm32f4xx_it.o
                0x080026dc                PendSV_Handler
 .text.SysTick_Handler
                0x080026ea        0xc ./Core/Src/stm32f4xx_it.o
                0x080026ea                SysTick_Handler
 *fill*         0x080026f6        0x2 
 .text.DMA2_Stream2_IRQHandler
                0x080026f8       0x14 ./Core/Src/stm32f4xx_it.o
                0x080026f8                DMA2_Stream2_IRQHandler
 .text.SystemInit
                0x0800270c       0x24 ./Core/Src/system_stm32f4xx.o
                0x0800270c                SystemInit
 .text.Reset_Handler
                0x08002730       0x50 ./Core/Startup/startup_stm32f411ceux.o
                0x08002730                Reset_Handler
 .text.Default_Handler
                0x08002780        0x2 ./Core/Startup/startup_stm32f411ceux.o
                0x08002780                DMA1_Stream3_IRQHandler
                0x08002780                EXTI2_IRQHandler
                0x08002780                SPI4_IRQHandler
                0x08002780                TIM1_CC_IRQHandler
                0x08002780                DMA2_Stream5_IRQHandler
                0x08002780                DMA1_Stream5_IRQHandler
                0x08002780                PVD_IRQHandler
                0x08002780                SDIO_IRQHandler
                0x08002780                TAMP_STAMP_IRQHandler
                0x08002780                EXTI3_IRQHandler
                0x08002780                TIM1_UP_TIM10_IRQHandler
                0x08002780                I2C3_ER_IRQHandler
                0x08002780                EXTI0_IRQHandler
                0x08002780                I2C2_EV_IRQHandler
                0x08002780                DMA1_Stream2_IRQHandler
                0x08002780                FPU_IRQHandler
                0x08002780                SPI1_IRQHandler
                0x08002780                TIM1_BRK_TIM9_IRQHandler
                0x08002780                DMA2_Stream3_IRQHandler
                0x08002780                USART6_IRQHandler
                0x08002780                DMA2_Stream0_IRQHandler
                0x08002780                TIM4_IRQHandler
                0x08002780                I2C1_EV_IRQHandler
                0x08002780                DMA1_Stream6_IRQHandler
                0x08002780                DMA1_Stream1_IRQHandler
                0x08002780                TIM3_IRQHandler
                0x08002780                RCC_IRQHandler
                0x08002780                Default_Handler
                0x08002780                EXTI15_10_IRQHandler
                0x08002780                ADC_IRQHandler
                0x08002780                DMA1_Stream7_IRQHandler
                0x08002780                SPI5_IRQHandler
                0x08002780                TIM5_IRQHandler
                0x08002780                DMA2_Stream7_IRQHandler
                0x08002780                I2C3_EV_IRQHandler
                0x08002780                EXTI9_5_IRQHandler
                0x08002780                RTC_WKUP_IRQHandler
                0x08002780                SPI2_IRQHandler
                0x08002780                DMA1_Stream0_IRQHandler
                0x08002780                EXTI4_IRQHandler
                0x08002780                WWDG_IRQHandler
                0x08002780                TIM2_IRQHandler
                0x08002780                OTG_FS_WKUP_IRQHandler
                0x08002780                TIM1_TRG_COM_TIM11_IRQHandler
                0x08002780                EXTI1_IRQHandler
                0x08002780                USART2_IRQHandler
                0x08002780                I2C2_ER_IRQHandler
                0x08002780                DMA2_Stream1_IRQHandler
                0x08002780                FLASH_IRQHandler
                0x08002780                DMA2_Stream4_IRQHandler
                0x08002780                USART1_IRQHandler
                0x08002780                OTG_FS_IRQHandler
                0x08002780                SPI3_IRQHandler
                0x08002780                DMA1_Stream4_IRQHandler
                0x08002780                I2C1_ER_IRQHandler
                0x08002780                DMA2_Stream6_IRQHandler
                0x08002780                RTC_Alarm_IRQHandler
 *fill*         0x08002782        0x2 
 .text.HAL_Init
                0x08002784       0x44 ./Drivers/STM32F4xx_HAL_Driver/Src/stm32f4xx_hal.o
                0x08002784                HAL_Init
 .text.HAL_InitTick
                0x080027c8       0x60 ./Drivers/STM32F4xx_HAL_Driver/Src/stm32f4xx_hal.o
                0x080027c8                HAL_InitTick
 .text.HAL_IncTick
                0x08002828       0x28 ./Drivers/STM32F4xx_HAL_Driver/Src/stm32f4xx_hal.o
                0x08002828                HAL_IncTick
 .text.HAL_GetTick
                0x08002850       0x18 ./Drivers/STM32F4xx_HAL_Driver/Src/stm32f4xx_hal.o
                0x08002850                HAL_GetTick
 .text.HAL_Delay
                0x08002868       0x48 ./Drivers/STM32F4xx_HAL_Driver/Src/stm32f4xx_hal.o
                0x08002868                HAL_Delay
 .text.HAL_ADC_Init
                0x080028b0       0x86 ./Drivers/STM32F4xx_HAL_Driver/Src/stm32f4xx_hal_adc.o
                0x080028b0                HAL_ADC_Init
 *fill*         0x08002936        0x2 
 .text.HAL_ADC_ConfigChannel
                0x08002938      0x264 ./Drivers/STM32F4xx_HAL_Driver/Src/stm32f4xx_hal_adc.o
                0x08002938                HAL_ADC_ConfigChannel
 .text.ADC_Init
                0x08002b9c      0x1f8 ./Drivers/STM32F4xx_HAL_Driver/Src/stm32f4xx_hal_adc.o
 .text.__NVIC_SetPriorityGrouping
                0x08002d94       0x48 ./Drivers/STM32F4xx_HAL_Driver/Src/stm32f4xx_hal_cortex.o
 .text.__NVIC_GetPriorityGrouping
                0x08002ddc       0x1c ./Drivers/STM32F4xx_HAL_Driver/Src/stm32f4xx_hal_cortex.o
 .text.__NVIC_EnableIRQ
                0x08002df8       0x3c ./Drivers/STM32F4xx_HAL_Driver/Src/stm32f4xx_hal_cortex.o
 .text.__NVIC_SetPriority
                0x08002e34       0x54 ./Drivers/STM32F4xx_HAL_Driver/Src/stm32f4xx_hal_cortex.o
 .text.NVIC_EncodePriority
                0x08002e88       0x66 ./Drivers/STM32F4xx_HAL_Driver/Src/stm32f4xx_hal_cortex.o
 *fill*         0x08002eee        0x2 
 .text.SysTick_Config
                0x08002ef0       0x44 ./Drivers/STM32F4xx_HAL_Driver/Src/stm32f4xx_hal_cortex.o
 .text.HAL_NVIC_SetPriorityGrouping
                0x08002f34       0x16 ./Drivers/STM32F4xx_HAL_Driver/Src/stm32f4xx_hal_cortex.o
                0x08002f34                HAL_NVIC_SetPriorityGrouping
 .text.HAL_NVIC_SetPriority
                0x08002f4a       0x38 ./Drivers/STM32F4xx_HAL_Driver/Src/stm32f4xx_hal_cortex.o
                0x08002f4a                HAL_NVIC_SetPriority
 .text.HAL_NVIC_EnableIRQ
                0x08002f82       0x1c ./Drivers/STM32F4xx_HAL_Driver/Src/stm32f4xx_hal_cortex.o
                0x08002f82                HAL_NVIC_EnableIRQ
 .text.HAL_SYSTICK_Config
                0x08002f9e       0x18 ./Drivers/STM32F4xx_HAL_Driver/Src/stm32f4xx_hal_cortex.o
                0x08002f9e                HAL_SYSTICK_Config
 *fill*         0x08002fb6        0x2 
 .text.HAL_DMA_Init
                0x08002fb8      0x15c ./Drivers/STM32F4xx_HAL_Driver/Src/stm32f4xx_hal_dma.o
                0x08002fb8                HAL_DMA_Init
 .text.HAL_DMA_Start_IT
                0x08003114       0xb0 ./Drivers/STM32F4xx_HAL_Driver/Src/stm32f4xx_hal_dma.o
                0x08003114                HAL_DMA_Start_IT
 .text.HAL_DMA_IRQHandler
                0x080031c4      0x314 ./Drivers/STM32F4xx_HAL_Driver/Src/stm32f4xx_hal_dma.o
                0x080031c4                HAL_DMA_IRQHandler
 .text.DMA_SetConfig
                0x080034d8       0x5c ./Drivers/STM32F4xx_HAL_Driver/Src/stm32f4xx_hal_dma.o
 .text.DMA_CalcBaseAndBitshift
                0x08003534       0x6c ./Drivers/STM32F4xx_HAL_Driver/Src/stm32f4xx_hal_dma.o
 .text.DMA_CheckFifoParam
                0x080035a0       0xf8 ./Drivers/STM32F4xx_HAL_Driver/Src/stm32f4xx_hal_dma.o
 .text.HAL_GPIO_Init
                0x08003698      0x308 ./Drivers/STM32F4xx_HAL_Driver/Src/stm32f4xx_hal_gpio.o
                0x08003698                HAL_GPIO_Init
 .text.HAL_GPIO_WritePin
                0x080039a0       0x32 ./Drivers/STM32F4xx_HAL_Driver/Src/stm32f4xx_hal_gpio.o
                0x080039a0                HAL_GPIO_WritePin
 *fill*         0x080039d2        0x2 
 .text.HAL_I2C_Init
                0x080039d4      0x288 ./Drivers/STM32F4xx_HAL_Driver/Src/stm32f4xx_hal_i2c.o
                0x080039d4                HAL_I2C_Init
 .text.HAL_I2C_Master_Transmit
                0x08003c5c      0x1fc ./Drivers/STM32F4xx_HAL_Driver/Src/stm32f4xx_hal_i2c.o
                0x08003c5c                HAL_I2C_Master_Transmit
 .text.HAL_I2C_Master_Receive
                0x08003e58      0x464 ./Drivers/STM32F4xx_HAL_Driver/Src/stm32f4xx_hal_i2c.o
                0x08003e58                HAL_I2C_Master_Receive
 .text.HAL_I2C_IsDeviceReady
                0x080042bc      0x25c ./Drivers/STM32F4xx_HAL_Driver/Src/stm32f4xx_hal_i2c.o
                0x080042bc                HAL_I2C_IsDeviceReady
 .text.I2C_MasterRequestWrite
                0x08004518      0x104 ./Drivers/STM32F4xx_HAL_Driver/Src/stm32f4xx_hal_i2c.o
 .text.I2C_MasterRequestRead
                0x0800461c      0x19c ./Drivers/STM32F4xx_HAL_Driver/Src/stm32f4xx_hal_i2c.o
 .text.I2C_WaitOnFlagUntilTimeout
                0x080047b8       0xf4 ./Drivers/STM32F4xx_HAL_Driver/Src/stm32f4xx_hal_i2c.o
 .text.I2C_WaitOnMasterAddressFlagUntilTimeout
                0x080048ac      0x140 ./Drivers/STM32F4xx_HAL_Driver/Src/stm32f4xx_hal_i2c.o
 .text.I2C_WaitOnTXEFlagUntilTimeout
                0x080049ec       0x90 ./Drivers/STM32F4xx_HAL_Driver/Src/stm32f4xx_hal_i2c.o
 .text.I2C_WaitOnBTFFlagUntilTimeout
                0x08004a7c       0x90 ./Drivers/STM32F4xx_HAL_Driver/Src/stm32f4xx_hal_i2c.o
 .text.I2C_WaitOnRXNEFlagUntilTimeout
                0x08004b0c       0xba ./Drivers/STM32F4xx_HAL_Driver/Src/stm32f4xx_hal_i2c.o
 .text.I2C_IsAcknowledgeFailed
                0x08004bc6       0x5e ./Drivers/STM32F4xx_HAL_Driver/Src/stm32f4xx_hal_i2c.o
 .text.HAL_RCC_OscConfig
                0x08004c24      0x4f0 ./Drivers/STM32F4xx_HAL_Driver/Src/stm32f4xx_hal_rcc.o
                0x08004c24                HAL_RCC_OscConfig
 .text.HAL_RCC_ClockConfig
                0x08005114      0x1cc ./Drivers/STM32F4xx_HAL_Driver/Src/stm32f4xx_hal_rcc.o
                0x08005114                HAL_RCC_ClockConfig
 .text.HAL_RCC_GetSysClockFreq
                0x080052e0      0x188 ./Drivers/STM32F4xx_HAL_Driver/Src/stm32f4xx_hal_rcc.o
                0x080052e0                HAL_RCC_GetSysClockFreq
 .text.HAL_RCC_GetHCLKFreq
                0x08005468       0x18 ./Drivers/STM32F4xx_HAL_Driver/Src/stm32f4xx_hal_rcc.o
                0x08005468                HAL_RCC_GetHCLKFreq
 .text.HAL_RCC_GetPCLK1Freq
                0x08005480       0x28 ./Drivers/STM32F4xx_HAL_Driver/Src/stm32f4xx_hal_rcc.o
                0x08005480                HAL_RCC_GetPCLK1Freq
 .text.HAL_SPI_Init
                0x080054a8      0x112 ./Drivers/STM32F4xx_HAL_Driver/Src/stm32f4xx_hal_spi.o
                0x080054a8                HAL_SPI_Init
 .text.HAL_SPI_Transmit
                0x080055ba      0x288 ./Drivers/STM32F4xx_HAL_Driver/Src/stm32f4xx_hal_spi.o
                0x080055ba                HAL_SPI_Transmit
 *fill*         0x08005842        0x2 
 .text.HAL_SPI_Transmit_DMA
                0x08005844      0x164 ./Drivers/STM32F4xx_HAL_Driver/Src/stm32f4xx_hal_spi.o
                0x08005844                HAL_SPI_Transmit_DMA
 .text.HAL_SPI_TxHalfCpltCallback
                0x080059a8       0x14 ./Drivers/STM32F4xx_HAL_Driver/Src/stm32f4xx_hal_spi.o
                0x080059a8                HAL_SPI_TxHalfCpltCallback
 .text.HAL_SPI_ErrorCallback
                0x080059bc       0x14 ./Drivers/STM32F4xx_HAL_Driver/Src/stm32f4xx_hal_spi.o
                0x080059bc                HAL_SPI_ErrorCallback
 .text.SPI_DMATransmitCplt
                0x080059d0       0xa8 ./Drivers/STM32F4xx_HAL_Driver/Src/stm32f4xx_hal_spi.o
 .text.SPI_DMAHalfTransmitCplt
                0x08005a78       0x1c ./Drivers/STM32F4xx_HAL_Driver/Src/stm32f4xx_hal_spi.o
 .text.SPI_DMAError
                0x08005a94       0x40 ./Drivers/STM32F4xx_HAL_Driver/Src/stm32f4xx_hal_spi.o
 .text.SPI_WaitFlagStateUntilTimeout
                0x08005ad4      0x110 ./Drivers/STM32F4xx_HAL_Driver/Src/stm32f4xx_hal_spi.o
 .text.SPI_EndRxTxTransaction
                0x08005be4       0xa8 ./Drivers/STM32F4xx_HAL_Driver/Src/stm32f4xx_hal_spi.o
 .text.memset   0x08005c8c       0x10 /Applications/STM32CubeIDE.app/Contents/Eclipse/plugins/com.st.stm32cube.ide.mcu.externaltools.gnu-tools-for-stm32.14.3.rel1.macos64_1.0.0.202510090749/tools/bin/../lib/gcc/arm-none-eabi/14.3.1/../../../../arm-none-eabi/lib/thumb/v7e-m+fp/hard/libc_nano.a(libc_a-memset.o)
                0x08005c8c                memset
 .text.__libc_init_array
                0x08005c9c       0x48 /Applications/STM32CubeIDE.app/Contents/Eclipse/plugins/com.st.stm32cube.ide.mcu.externaltools.gnu-tools-for-stm32.14.3.rel1.macos64_1.0.0.202510090749/tools/bin/../lib/gcc/arm-none-eabi/14.3.1/../../../../arm-none-eabi/lib/thumb/v7e-m+fp/hard/libc_nano.a(libc_a-init.o)
                0x08005c9c                __libc_init_array
 *(.glue_7)
 .glue_7        0x08005ce4        0x0 linker stubs
 *(.glue_7t)
 .glue_7t       0x08005ce4        0x0 linker stubs
 *(.eh_frame)
 .eh_frame      0x08005ce4        0x0 /Applications/STM32CubeIDE.app/Contents/Eclipse/plugins/com.st.stm32cube.ide.mcu.externaltools.gnu-tools-for-stm32.14.3.rel1.macos64_1.0.0.202510090749/tools/bin/../lib/gcc/arm-none-eabi/14.3.1/thumb/v7e-m+fp/hard/crtbegin.o
 *(.init)
 .init          0x08005ce4        0x4 /Applications/STM32CubeIDE.app/Contents/Eclipse/plugins/com.st.stm32cube.ide.mcu.externaltools.gnu-tools-for-stm32.14.3.rel1.macos64_1.0.0.202510090749/tools/bin/../lib/gcc/arm-none-eabi/14.3.1/thumb/v7e-m+fp/hard/crti.o
                0x08005ce4                _init
 .init          0x08005ce8        0x8 /Applications/STM32CubeIDE.app/Contents/Eclipse/plugins/com.st.stm32cube.ide.mcu.externaltools.gnu-tools-for-stm32.14.3.rel1.macos64_1.0.0.202510090749/tools/bin/../lib/gcc/arm-none-eabi/14.3.1/thumb/v7e-m+fp/hard/crtn.o
 *(.fini)
 .fini          0x08005cf0        0x4 /Applications/STM32CubeIDE.app/Contents/Eclipse/plugins/com.st.stm32cube.ide.mcu.externaltools.gnu-tools-for-stm32.14.3.rel1.macos64_1.0.0.202510090749/tools/bin/../lib/gcc/arm-none-eabi/14.3.1/thumb/v7e-m+fp/hard/crti.o
                0x08005cf0                _fini
 .fini          0x08005cf4        0x8 /Applications/STM32CubeIDE.app/Contents/Eclipse/plugins/com.st.stm32cube.ide.mcu.externaltools.gnu-tools-for-stm32.14.3.rel1.macos64_1.0.0.202510090749/tools/bin/../lib/gcc/arm-none-eabi/14.3.1/thumb/v7e-m+fp/hard/crtn.o
                0x08005cfc                        . = ALIGN (0x4)
                0x08005cfc                        _etext = .

.vfp11_veneer   0x08005cfc        0x0
 .vfp11_veneer  0x08005cfc        0x0 linker stubs

.v4_bx          0x08005cfc        0x0
 .v4_bx         0x08005cfc        0x0 linker stubs

.iplt           0x08005cfc        0x0
 .iplt          0x08005cfc        0x0 /Applications/STM32CubeIDE.app/Contents/Eclipse/plugins/com.st.stm32cube.ide.mcu.externaltools.gnu-tools-for-stm32.14.3.rel1.macos64_1.0.0.202510090749/tools/bin/../lib/gcc/arm-none-eabi/14.3.1/thumb/v7e-m+fp/hard/crtbegin.o

.rodata         0x08005cfc      0x108
                0x08005cfc                        . = ALIGN (0x4)
 *(.rodata)
 .rodata        0x08005cfc       0x3b ./Core/Src/imu_dashboard.o
 *(.rodata*)
 *fill*         0x08005d37        0x1 
 .rodata.digits.15
                0x08005d38       0x32 ./Core/Src/imu_dashboard.o
 *fill*         0x08005d6a        0x2 
 .rodata.plus.14
                0x08005d6c        0x5 ./Core/Src/imu_dashboard.o
 *fill*         0x08005d71        0x3 
 .rodata.minus.13
                0x08005d74        0x5 ./Core/Src/imu_dashboard.o
 *fill*         0x08005d79        0x3 
 .rodata.dot.12
                0x08005d7c        0x5 ./Core/Src/imu_dashboard.o
 *fill*         0x08005d81        0x3 
 .rodata.letter_a.11
                0x08005d84        0x5 ./Core/Src/imu_dashboard.o
 *fill*         0x08005d89        0x3 
 .rodata.letter_e.10
                0x08005d8c        0x5 ./Core/Src/imu_dashboard.o
 *fill*         0x08005d91        0x3 
 .rodata.letter_g.9
                0x08005d94        0x5 ./Core/Src/imu_dashboard.o
 *fill*         0x08005d99        0x3 
 .rodata.letter_i.8
                0x08005d9c        0x5 ./Core/Src/imu_dashboard.o
 *fill*         0x08005da1        0x3 
 .rodata.letter_l.7
                0x08005da4        0x5 ./Core/Src/imu_dashboard.o
 *fill*         0x08005da9        0x3 
 .rodata.letter_m.6
                0x08005dac        0x5 ./Core/Src/imu_dashboard.o
 *fill*         0x08005db1        0x3 
 .rodata.letter_u.5
                0x08005db4        0x5 ./Core/Src/imu_dashboard.o
 *fill*         0x08005db9        0x3 
 .rodata.letter_v.4
                0x08005dbc        0x5 ./Core/Src/imu_dashboard.o
 *fill*         0x08005dc1        0x3 
 .rodata.letter_x.3
                0x08005dc4        0x5 ./Core/Src/imu_dashboard.o
 *fill*         0x08005dc9        0x3 
 .rodata.letter_y.2
                0x08005dcc        0x5 ./Core/Src/imu_dashboard.o
 *fill*         0x08005dd1        0x3 
 .rodata.letter_z.1
                0x08005dd4        0x5 ./Core/Src/imu_dashboard.o
 *fill*         0x08005dd9        0x3 
 .rodata.space.0
                0x08005ddc        0x5 ./Core/Src/imu_dashboard.o
 *fill*         0x08005de1        0x3 
 .rodata.AHBPrescTable
                0x08005de4       0x10 ./Core/Src/system_stm32f4xx.o
                0x08005de4                AHBPrescTable
 .rodata.APBPrescTable
                0x08005df4        0x8 ./Core/Src/system_stm32f4xx.o
                0x08005df4                APBPrescTable
 .rodata.flagBitshiftOffset.0
                0x08005dfc        0x8 ./Drivers/STM32F4xx_HAL_Driver/Src/stm32f4xx_hal_dma.o
                0x08005e04                        . = ALIGN (0x4)

.ARM.extab      0x08005e04        0x0
                0x08005e04                        . = ALIGN (0x4)
 *(.ARM.extab* .gnu.linkonce.armextab.*)
                0x08005e04                        . = ALIGN (0x4)

.ARM            0x08005e04        0x8
                0x08005e04                        . = ALIGN (0x4)
                0x08005e04                        __exidx_start = .
 *(.ARM.exidx*)
 .ARM.exidx     0x08005e04        0x8 /Applications/STM32CubeIDE.app/Contents/Eclipse/plugins/com.st.stm32cube.ide.mcu.externaltools.gnu-tools-for-stm32.14.3.rel1.macos64_1.0.0.202510090749/tools/bin/../lib/gcc/arm-none-eabi/14.3.1/thumb/v7e-m+fp/hard/libgcc.a(_udivmoddi4.o)
                0x08005e0c                        __exidx_end = .
                0x08005e0c                        . = ALIGN (0x4)

.preinit_array  0x08005e0c        0x0
                0x08005e0c                        . = ALIGN (0x4)
                0x08005e0c                        PROVIDE (__preinit_array_start = .)
 *(.preinit_array*)
                0x08005e0c                        PROVIDE (__preinit_array_end = .)
                0x08005e0c                        . = ALIGN (0x4)

.init_array     0x08005e0c        0x4
                0x08005e0c                        . = ALIGN (0x4)
                0x08005e0c                        PROVIDE (__init_array_start = .)
 *(SORT_BY_NAME(.init_array.*))
 *(.init_array*)
 .init_array    0x08005e0c        0x4 /Applications/STM32CubeIDE.app/Contents/Eclipse/plugins/com.st.stm32cube.ide.mcu.externaltools.gnu-tools-for-stm32.14.3.rel1.macos64_1.0.0.202510090749/tools/bin/../lib/gcc/arm-none-eabi/14.3.1/thumb/v7e-m+fp/hard/crtbegin.o
                0x08005e10                        PROVIDE (__init_array_end = .)
                0x08005e10                        . = ALIGN (0x4)

.fini_array     0x08005e10        0x4
                0x08005e10                        . = ALIGN (0x4)
                [!provide]                        PROVIDE (__fini_array_start = .)
 *(SORT_BY_NAME(.fini_array.*))
 *(.fini_array*)
 .fini_array    0x08005e10        0x4 /Applications/STM32CubeIDE.app/Contents/Eclipse/plugins/com.st.stm32cube.ide.mcu.externaltools.gnu-tools-for-stm32.14.3.rel1.macos64_1.0.0.202510090749/tools/bin/../lib/gcc/arm-none-eabi/14.3.1/thumb/v7e-m+fp/hard/crtbegin.o
                [!provide]                        PROVIDE (__fini_array_end = .)
                0x08005e14                        . = ALIGN (0x4)
                0x08005e14                        _sidata = LOADADDR (.data)

.rel.dyn        0x08005e14        0x0
 .rel.iplt      0x08005e14        0x0 /Applications/STM32CubeIDE.app/Contents/Eclipse/plugins/com.st.stm32cube.ide.mcu.externaltools.gnu-tools-for-stm32.14.3.rel1.macos64_1.0.0.202510090749/tools/bin/../lib/gcc/arm-none-eabi/14.3.1/thumb/v7e-m+fp/hard/crtbegin.o

.data           0x20000000        0xc load address 0x08005e14
                0x20000000                        . = ALIGN (0x4)
                0x20000000                        _sdata = .
 *(.data)
 *(.data*)
 .data.SystemCoreClock
                0x20000000        0x4 ./Core/Src/system_stm32f4xx.o
                0x20000000                SystemCoreClock
 .data.uwTickPrio
                0x20000004        0x4 ./Drivers/STM32F4xx_HAL_Driver/Src/stm32f4xx_hal.o
                0x20000004                uwTickPrio
 .data.uwTickFreq
                0x20000008        0x1 ./Drivers/STM32F4xx_HAL_Driver/Src/stm32f4xx_hal.o
                0x20000008                uwTickFreq
 *(.RamFunc)
 *(.RamFunc*)
                0x2000000c                        . = ALIGN (0x4)
 *fill*         0x20000009        0x3 
                0x2000000c                        _edata = .

.igot.plt       0x2000000c        0x0 load address 0x08005e20
 .igot.plt      0x2000000c        0x0 /Applications/STM32CubeIDE.app/Contents/Eclipse/plugins/com.st.stm32cube.ide.mcu.externaltools.gnu-tools-for-stm32.14.3.rel1.macos64_1.0.0.202510090749/tools/bin/../lib/gcc/arm-none-eabi/14.3.1/thumb/v7e-m+fp/hard/crtbegin.o
                0x2000000c                        . = ALIGN (0x4)

.bss            0x2000000c    0x1c610 load address 0x08005e20
                0x2000000c                        _sbss = .
                0x2000000c                        __bss_start__ = _sbss
 *(.bss)
 .bss           0x2000000c       0x1c /Applications/STM32CubeIDE.app/Contents/Eclipse/plugins/com.st.stm32cube.ide.mcu.externaltools.gnu-tools-for-stm32.14.3.rel1.macos64_1.0.0.202510090749/tools/bin/../lib/gcc/arm-none-eabi/14.3.1/thumb/v7e-m+fp/hard/crtbegin.o
 *(.bss*)
 .bss.imu_framebuffer
                0x20000028    0x1c200 ./Core/Src/imu_dashboard.o
 .bss.color_background
                0x2001c228        0x2 ./Core/Src/imu_dashboard.o
 .bss.color_panel
                0x2001c22a        0x2 ./Core/Src/imu_dashboard.o
 .bss.color_grid
                0x2001c22c        0x2 ./Core/Src/imu_dashboard.o
 .bss.color_body
                0x2001c22e        0x2 ./Core/Src/imu_dashboard.o
 .bss.color_body_edge
                0x2001c230        0x2 ./Core/Src/imu_dashboard.o
 .bss.color_text
                0x2001c232        0x2 ./Core/Src/imu_dashboard.o
 .bss.color_x_axis
                0x2001c234        0x2 ./Core/Src/imu_dashboard.o
 .bss.color_y_axis
                0x2001c236        0x2 ./Core/Src/imu_dashboard.o
 .bss.color_z_axis
                0x2001c238        0x2 ./Core/Src/imu_dashboard.o
 .bss.initialized.16
                0x2001c23a        0x1 ./Core/Src/imu_dashboard.o
 *fill*         0x2001c23b        0x1 
 .bss.hadc1     0x2001c23c       0x48 ./Core/Src/main.o
                0x2001c23c                hadc1
 .bss.hi2c1     0x2001c284       0x54 ./Core/Src/main.o
                0x2001c284                hi2c1
 .bss.hi2c2     0x2001c2d8       0x54 ./Core/Src/main.o
                0x2001c2d8                hi2c2
 .bss.hspi1     0x2001c32c       0x58 ./Core/Src/main.o
                0x2001c32c                hspi1
 .bss.hdma_spi1_tx
                0x2001c384       0x60 ./Core/Src/main.o
                0x2001c384                hdma_spi1_tx
 .bss.hmpu6050  0x2001c3e4       0x10 ./Core/Src/main.o
                0x2001c3e4                hmpu6050
 .bss.imu_data  0x2001c3f4       0x2c ./Core/Src/main.o
                0x2001c3f4                imu_data
 .bss.imu_last_read_ms
                0x2001c420        0x4 ./Core/Src/main.o
                0x2001c420                imu_last_read_ms
 .bss.dashboard_last_draw_ms
                0x2001c424        0x4 ./Core/Src/main.o
                0x2001c424                dashboard_last_draw_ms
 .bss.st7789_hspi
                0x2001c428        0x4 ./Core/Src/st7789.o
 .bss.st7789_dma_busy
                0x2001c42c        0x1 ./Core/Src/st7789.o
 *fill*         0x2001c42d        0x3 
 .bss.st7789_dma_data
                0x2001c430        0x4 ./Core/Src/st7789.o
 .bss.st7789_dma_bytes_remaining
                0x2001c434        0x4 ./Core/Src/st7789.o
 .bss.st7789_clear_buffer
                0x2001c438      0x1e0 ./Core/Src/st7789.o
 .bss.uwTick    0x2001c618        0x4 ./Drivers/STM32F4xx_HAL_Driver/Src/stm32f4xx_hal.o
                0x2001c618                uwTick
 *(COMMON)
                0x2001c61c                        . = ALIGN (0x4)
                0x2001c61c                        _ebss = .
                0x2001c61c                        __bss_end__ = _ebss

._user_heap_stack
                0x2001c61c      0x604 load address 0x08005e20
                0x2001c620                        . = ALIGN (0x8)
 *fill*         0x2001c61c        0x4 
                [!provide]                        PROVIDE (end = .)
                0x2001c620                        PROVIDE (_end = .)
                0x2001c820                        . = (. + _Min_Heap_Size)
 *fill*         0x2001c620      0x200 
                0x2001cc20                        . = (. + _Min_Stack_Size)
 *fill*         0x2001c820      0x400 
                0x2001cc20                        . = ALIGN (0x8)

/DISCARD/
 libc.a(*)
 libm.a(*)
 libgcc.a(*)

.ARM.attributes
                0x00000000       0x30
 *(.ARM.attributes)
 .ARM.attributes
                0x00000000       0x22 /Applications/STM32CubeIDE.app/Contents/Eclipse/plugins/com.st.stm32cube.ide.mcu.externaltools.gnu-tools-for-stm32.14.3.rel1.macos64_1.0.0.202510090749/tools/bin/../lib/gcc/arm-none-eabi/14.3.1/thumb/v7e-m+fp/hard/crti.o
 .ARM.attributes
                0x00000022       0x34 /Applications/STM32CubeIDE.app/Contents/Eclipse/plugins/com.st.stm32cube.ide.mcu.externaltools.gnu-tools-for-stm32.14.3.rel1.macos64_1.0.0.202510090749/tools/bin/../lib/gcc/arm-none-eabi/14.3.1/thumb/v7e-m+fp/hard/crtbegin.o
 .ARM.attributes
                0x00000056       0x34 ./Core/Src/imu_dashboard.o
 .ARM.attributes
                0x0000008a       0x34 ./Core/Src/main.o
 .ARM.attributes
                0x000000be       0x34 ./Core/Src/mpu6050.o
 .ARM.attributes
                0x000000f2       0x34 ./Core/Src/st7789.o
 .ARM.attributes
                0x00000126       0x34 ./Core/Src/stm32f4xx_hal_msp.o
 .ARM.attributes
                0x0000015a       0x34 ./Core/Src/stm32f4xx_it.o
 .ARM.attributes
                0x0000018e       0x34 ./Core/Src/system_stm32f4xx.o
 .ARM.attributes
                0x000001c2       0x21 ./Core/Startup/startup_stm32f411ceux.o
 .ARM.attributes
                0x000001e3       0x34 ./Drivers/STM32F4xx_HAL_Driver/Src/stm32f4xx_hal.o
 .ARM.attributes
                0x00000217       0x34 ./Drivers/STM32F4xx_HAL_Driver/Src/stm32f4xx_hal_adc.o
 .ARM.attributes
                0x0000024b       0x34 ./Drivers/STM32F4xx_HAL_Driver/Src/stm32f4xx_hal_cortex.o
 .ARM.attributes
                0x0000027f       0x34 ./Drivers/STM32F4xx_HAL_Driver/Src/stm32f4xx_hal_dma.o
 .ARM.attributes
                0x000002b3       0x34 ./Drivers/STM32F4xx_HAL_Driver/Src/stm32f4xx_hal_gpio.o
 .ARM.attributes
                0x000002e7       0x34 ./Drivers/STM32F4xx_HAL_Driver/Src/stm32f4xx_hal_i2c.o
 .ARM.attributes
                0x0000031b       0x34 ./Drivers/STM32F4xx_HAL_Driver/Src/stm32f4xx_hal_rcc.o
 .ARM.attributes
                0x0000034f       0x34 ./Drivers/STM32F4xx_HAL_Driver/Src/stm32f4xx_hal_spi.o
 .ARM.attributes
                0x00000383       0x34 /Applications/STM32CubeIDE.app/Contents/Eclipse/plugins/com.st.stm32cube.ide.mcu.externaltools.gnu-tools-for-stm32.14.3.rel1.macos64_1.0.0.202510090749/tools/bin/../lib/gcc/arm-none-eabi/14.3.1/../../../../arm-none-eabi/lib/thumb/v7e-m+fp/hard/libc_nano.a(libc_a-memset.o)
 .ARM.attributes
                0x000003b7       0x34 /Applications/STM32CubeIDE.app/Contents/Eclipse/plugins/com.st.stm32cube.ide.mcu.externaltools.gnu-tools-for-stm32.14.3.rel1.macos64_1.0.0.202510090749/tools/bin/../lib/gcc/arm-none-eabi/14.3.1/../../../../arm-none-eabi/lib/thumb/v7e-m+fp/hard/libc_nano.a(libc_a-init.o)
 .ARM.attributes
                0x000003eb       0x22 /Applications/STM32CubeIDE.app/Contents/Eclipse/plugins/com.st.stm32cube.ide.mcu.externaltools.gnu-tools-for-stm32.14.3.rel1.macos64_1.0.0.202510090749/tools/bin/../lib/gcc/arm-none-eabi/14.3.1/thumb/v7e-m+fp/hard/libgcc.a(_aeabi_uldivmod.o)
 .ARM.attributes
                0x0000040d       0x34 /Applications/STM32CubeIDE.app/Contents/Eclipse/plugins/com.st.stm32cube.ide.mcu.externaltools.gnu-tools-for-stm32.14.3.rel1.macos64_1.0.0.202510090749/tools/bin/../lib/gcc/arm-none-eabi/14.3.1/thumb/v7e-m+fp/hard/libgcc.a(_udivmoddi4.o)
 .ARM.attributes
                0x00000441       0x22 /Applications/STM32CubeIDE.app/Contents/Eclipse/plugins/com.st.stm32cube.ide.mcu.externaltools.gnu-tools-for-stm32.14.3.rel1.macos64_1.0.0.202510090749/tools/bin/../lib/gcc/arm-none-eabi/14.3.1/thumb/v7e-m+fp/hard/libgcc.a(_dvmd_tls.o)
 .ARM.attributes
                0x00000463       0x22 /Applications/STM32CubeIDE.app/Contents/Eclipse/plugins/com.st.stm32cube.ide.mcu.externaltools.gnu-tools-for-stm32.14.3.rel1.macos64_1.0.0.202510090749/tools/bin/../lib/gcc/arm-none-eabi/14.3.1/thumb/v7e-m+fp/hard/crtn.o
OUTPUT(sensor_platform.elf elf32-littlearm)
LOAD linker stubs
LOAD /Applications/STM32CubeIDE.app/Contents/Eclipse/plugins/com.st.stm32cube.ide.mcu.externaltools.gnu-tools-for-stm32.14.3.rel1.macos64_1.0.0.202510090749/tools/bin/../lib/gcc/arm-none-eabi/14.3.1/../../../../arm-none-eabi/lib/thumb/v7e-m+fp/hard/libc.a
LOAD /Applications/STM32CubeIDE.app/Contents/Eclipse/plugins/com.st.stm32cube.ide.mcu.externaltools.gnu-tools-for-stm32.14.3.rel1.macos64_1.0.0.202510090749/tools/bin/../lib/gcc/arm-none-eabi/14.3.1/../../../../arm-none-eabi/lib/thumb/v7e-m+fp/hard/libm.a
LOAD /Applications/STM32CubeIDE.app/Contents/Eclipse/plugins/com.st.stm32cube.ide.mcu.externaltools.gnu-tools-for-stm32.14.3.rel1.macos64_1.0.0.202510090749/tools/bin/../lib/gcc/arm-none-eabi/14.3.1/thumb/v7e-m+fp/hard/libgcc.a

.debug_info     0x00000000     0xc530
 .debug_info    0x00000000      0xc3b ./Core/Src/imu_dashboard.o
 .debug_info    0x00000c3b     0x1608 ./Core/Src/main.o
 .debug_info    0x00002243      0x9df ./Core/Src/mpu6050.o
 .debug_info    0x00002c22      0xb03 ./Core/Src/st7789.o
 .debug_info    0x00003725     0x1005 ./Core/Src/stm32f4xx_hal_msp.o
 .debug_info    0x0000472a      0x3bf ./Core/Src/stm32f4xx_it.o
 .debug_info    0x00004ae9      0x53e ./Core/Src/system_stm32f4xx.o
 .debug_info    0x00005027       0x30 ./Core/Startup/startup_stm32f411ceux.o
 .debug_info    0x00005057      0x8c4 ./Drivers/STM32F4xx_HAL_Driver/Src/stm32f4xx_hal.o
 .debug_info    0x0000591b      0xce0 ./Drivers/STM32F4xx_HAL_Driver/Src/stm32f4xx_hal_adc.o
 .debug_info    0x000065fb      0xcfc ./Drivers/STM32F4xx_HAL_Driver/Src/stm32f4xx_hal_cortex.o
 .debug_info    0x000072f7      0x8e6 ./Drivers/STM32F4xx_HAL_Driver/Src/stm32f4xx_hal_dma.o
 .debug_info    0x00007bdd      0x6f9 ./Drivers/STM32F4xx_HAL_Driver/Src/stm32f4xx_hal_gpio.o
 .debug_info    0x000082d6     0x2426 ./Drivers/STM32F4xx_HAL_Driver/Src/stm32f4xx_hal_i2c.o
 .debug_info    0x0000a6fc      0x904 ./Drivers/STM32F4xx_HAL_Driver/Src/stm32f4xx_hal_rcc.o
 .debug_info    0x0000b000     0x1530 ./Drivers/STM32F4xx_HAL_Driver/Src/stm32f4xx_hal_spi.o

.debug_abbrev   0x00000000     0x21e2
 .debug_abbrev  0x00000000      0x23a ./Core/Src/imu_dashboard.o
 .debug_abbrev  0x0000023a      0x2d7 ./Core/Src/main.o
 .debug_abbrev  0x00000511      0x20c ./Core/Src/mpu6050.o
 .debug_abbrev  0x0000071d      0x2d3 ./Core/Src/st7789.o
 .debug_abbrev  0x000009f0      0x22a ./Core/Src/stm32f4xx_hal_msp.o
 .debug_abbrev  0x00000c1a      0x138 ./Core/Src/stm32f4xx_it.o
 .debug_abbrev  0x00000d52      0x11a ./Core/Src/system_stm32f4xx.o
 .debug_abbrev  0x00000e6c       0x24 ./Core/Startup/startup_stm32f411ceux.o
 .debug_abbrev  0x00000e90      0x24b ./Drivers/STM32F4xx_HAL_Driver/Src/stm32f4xx_hal.o
 .debug_abbrev  0x000010db      0x20e ./Drivers/STM32F4xx_HAL_Driver/Src/stm32f4xx_hal_adc.o
 .debug_abbrev  0x000012e9      0x31d ./Drivers/STM32F4xx_HAL_Driver/Src/stm32f4xx_hal_cortex.o
 .debug_abbrev  0x00001606      0x221 ./Drivers/STM32F4xx_HAL_Driver/Src/stm32f4xx_hal_dma.o
 .debug_abbrev  0x00001827      0x1d3 ./Drivers/STM32F4xx_HAL_Driver/Src/stm32f4xx_hal_gpio.o
 .debug_abbrev  0x000019fa      0x2bc ./Drivers/STM32F4xx_HAL_Driver/Src/stm32f4xx_hal_i2c.o
 .debug_abbrev  0x00001cb6      0x2b6 ./Drivers/STM32F4xx_HAL_Driver/Src/stm32f4xx_hal_rcc.o
 .debug_abbrev  0x00001f6c      0x276 ./Drivers/STM32F4xx_HAL_Driver/Src/stm32f4xx_hal_spi.o

.debug_aranges  0x00000000      0xbf8
 .debug_aranges
                0x00000000       0xb8 ./Core/Src/imu_dashboard.o
 .debug_aranges
                0x000000b8       0x60 ./Core/Src/main.o
 .debug_aranges
                0x00000118       0x50 ./Core/Src/mpu6050.o
 .debug_aranges
                0x00000168       0x98 ./Core/Src/st7789.o
 .debug_aranges
                0x00000200       0x50 ./Core/Src/stm32f4xx_hal_msp.o
 .debug_aranges
                0x00000250       0x68 ./Core/Src/stm32f4xx_it.o
 .debug_aranges
                0x000002b8       0x28 ./Core/Src/system_stm32f4xx.o
 .debug_aranges
                0x000002e0       0x28 ./Core/Startup/startup_stm32f411ceux.o
 .debug_aranges
                0x00000308       0xf0 ./Drivers/STM32F4xx_HAL_Driver/Src/stm32f4xx_hal.o
 .debug_aranges
                0x000003f8       0xe8 ./Drivers/STM32F4xx_HAL_Driver/Src/stm32f4xx_hal_adc.o
 .debug_aranges
                0x000004e0      0x130 ./Drivers/STM32F4xx_HAL_Driver/Src/stm32f4xx_hal_cortex.o
 .debug_aranges
                0x00000610       0x90 ./Drivers/STM32F4xx_HAL_Driver/Src/stm32f4xx_hal_dma.o
 .debug_aranges
                0x000006a0       0x58 ./Drivers/STM32F4xx_HAL_Driver/Src/stm32f4xx_hal_gpio.o
 .debug_aranges
                0x000006f8      0x2a8 ./Drivers/STM32F4xx_HAL_Driver/Src/stm32f4xx_hal_i2c.o
 .debug_aranges
                0x000009a0       0x88 ./Drivers/STM32F4xx_HAL_Driver/Src/stm32f4xx_hal_rcc.o
 .debug_aranges
                0x00000a28      0x1d0 ./Drivers/STM32F4xx_HAL_Driver/Src/stm32f4xx_hal_spi.o

.debug_rnglists
                0x00000000      0x94a
 .debug_rnglists
                0x00000000       0x9f ./Core/Src/imu_dashboard.o
 .debug_rnglists
                0x0000009f       0x47 ./Core/Src/main.o
 .debug_rnglists
                0x000000e6       0x39 ./Core/Src/mpu6050.o
 .debug_rnglists
                0x0000011f       0x71 ./Core/Src/st7789.o
 .debug_rnglists
                0x00000190       0x3a ./Core/Src/stm32f4xx_hal_msp.o
 .debug_rnglists
                0x000001ca       0x49 ./Core/Src/stm32f4xx_it.o
 .debug_rnglists
                0x00000213       0x1a ./Core/Src/system_stm32f4xx.o
 .debug_rnglists
                0x0000022d       0x19 ./Core/Startup/startup_stm32f411ceux.o
 .debug_rnglists
                0x00000246       0xaf ./Drivers/STM32F4xx_HAL_Driver/Src/stm32f4xx_hal.o
 .debug_rnglists
                0x000002f5       0xb5 ./Drivers/STM32F4xx_HAL_Driver/Src/stm32f4xx_hal_adc.o
 .debug_rnglists
                0x000003aa       0xe0 ./Drivers/STM32F4xx_HAL_Driver/Src/stm32f4xx_hal_cortex.o
 .debug_rnglists
                0x0000048a       0x70 ./Drivers/STM32F4xx_HAL_Driver/Src/stm32f4xx_hal_dma.o
 .debug_rnglists
                0x000004fa       0x3f ./Drivers/STM32F4xx_HAL_Driver/Src/stm32f4xx_hal_gpio.o
 .debug_rnglists
                0x00000539      0x23c ./Drivers/STM32F4xx_HAL_Driver/Src/stm32f4xx_hal_i2c.o
 .debug_rnglists
                0x00000775       0x66 ./Drivers/STM32F4xx_HAL_Driver/Src/stm32f4xx_hal_rcc.o
 .debug_rnglists
                0x000007db      0x16f ./Drivers/STM32F4xx_HAL_Driver/Src/stm32f4xx_hal_spi.o

.debug_macro    0x00000000    0x16ada
 .debug_macro   0x00000000      0x235 ./Core/Src/imu_dashboard.o
 .debug_macro   0x00000235      0xad8 ./Core/Src/imu_dashboard.o
 .debug_macro   0x00000d0d      0x2a1 ./Core/Src/imu_dashboard.o
 .debug_macro   0x00000fae       0x2e ./Core/Src/imu_dashboard.o
 .debug_macro   0x00000fdc       0x28 ./Core/Src/imu_dashboard.o
 .debug_macro   0x00001004       0x22 ./Core/Src/imu_dashboard.o
 .debug_macro   0x00001026       0x8e ./Core/Src/imu_dashboard.o
 .debug_macro   0x000010b4       0x51 ./Core/Src/imu_dashboard.o
 .debug_macro   0x00001105      0x103 ./Core/Src/imu_dashboard.o
 .debug_macro   0x00001208       0x6a ./Core/Src/imu_dashboard.o
 .debug_macro   0x00001272      0x1df ./Core/Src/imu_dashboard.o
 .debug_macro   0x00001451       0x1c ./Core/Src/imu_dashboard.o
 .debug_macro   0x0000146d       0x22 ./Core/Src/imu_dashboard.o
 .debug_macro   0x0000148f       0xfb ./Core/Src/imu_dashboard.o
 .debug_macro   0x0000158a     0x1011 ./Core/Src/imu_dashboard.o
 .debug_macro   0x0000259b      0x11f ./Core/Src/imu_dashboard.o
 .debug_macro   0x000026ba     0xb968 ./Core/Src/imu_dashboard.o
 .debug_macro   0x0000e022       0x6d ./Core/Src/imu_dashboard.o
 .debug_macro   0x0000e08f     0x3693 ./Core/Src/imu_dashboard.o
 .debug_macro   0x00011722      0x190 ./Core/Src/imu_dashboard.o
 .debug_macro   0x000118b2       0x5c ./Core/Src/imu_dashboard.o
 .debug_macro   0x0001190e      0x45c ./Core/Src/imu_dashboard.o
 .debug_macro   0x00011d6a      0x9e9 ./Core/Src/imu_dashboard.o
 .debug_macro   0x00012753      0x115 ./Core/Src/imu_dashboard.o
 .debug_macro   0x00012868      0x11b ./Core/Src/imu_dashboard.o
 .debug_macro   0x00012983       0xa5 ./Core/Src/imu_dashboard.o
 .debug_macro   0x00012a28      0x15f ./Core/Src/imu_dashboard.o
 .debug_macro   0x00012b87      0x287 ./Core/Src/imu_dashboard.o
 .debug_macro   0x00012e0e       0x5f ./Core/Src/imu_dashboard.o
 .debug_macro   0x00012e6d      0x236 ./Core/Src/imu_dashboard.o
 .debug_macro   0x000130a3      0x9e1 ./Core/Src/imu_dashboard.o
 .debug_macro   0x00013a84      0x38b ./Core/Src/imu_dashboard.o
 .debug_macro   0x00013e0f      0x17d ./Core/Src/imu_dashboard.o
 .debug_macro   0x00013f8c       0xf9 ./Core/Src/imu_dashboard.o
 .debug_macro   0x00014085      0x132 ./Core/Src/imu_dashboard.o
 .debug_macro   0x000141b7      0x264 ./Core/Src/imu_dashboard.o
 .debug_macro   0x0001441b       0x2e ./Core/Src/imu_dashboard.o
 .debug_macro   0x00014449      0x1b5 ./Core/Src/imu_dashboard.o
 .debug_macro   0x000145fe       0x22 ./Core/Src/imu_dashboard.o
 .debug_macro   0x00014620       0xd6 ./Core/Src/imu_dashboard.o
 .debug_macro   0x000146f6      0x127 ./Core/Src/imu_dashboard.o
 .debug_macro   0x0001481d       0x85 ./Core/Src/imu_dashboard.o
 .debug_macro   0x000148a2       0x89 ./Core/Src/imu_dashboard.o
 .debug_macro   0x0001492b      0x225 ./Core/Src/imu_dashboard.o
 .debug_macro   0x00014b50      0x126 ./Core/Src/imu_dashboard.o
 .debug_macro   0x00014c76       0x10 ./Core/Src/imu_dashboard.o
 .debug_macro   0x00014c86       0x22 ./Core/Src/imu_dashboard.o
 .debug_macro   0x00014ca8      0x22a ./Core/Src/main.o
 .debug_macro   0x00014ed2       0x28 ./Core/Src/main.o
 .debug_macro   0x00014efa       0x16 ./Core/Src/main.o
 .debug_macro   0x00014f10      0x240 ./Core/Src/mpu6050.o
 .debug_macro   0x00015150      0x261 ./Core/Src/st7789.o
 .debug_macro   0x000153b1       0x1c ./Core/Src/st7789.o
 .debug_macro   0x000153cd       0x2e ./Core/Src/st7789.o
 .debug_macro   0x000153fb      0x20a ./Core/Src/stm32f4xx_hal_msp.o
 .debug_macro   0x00015605      0x214 ./Core/Src/stm32f4xx_it.o
 .debug_macro   0x00015819      0x1fb ./Core/Src/system_stm32f4xx.o
 .debug_macro   0x00015a14      0x25b ./Drivers/STM32F4xx_HAL_Driver/Src/stm32f4xx_hal.o
 .debug_macro   0x00015c6f      0x1fc ./Drivers/STM32F4xx_HAL_Driver/Src/stm32f4xx_hal_adc.o
 .debug_macro   0x00015e6b      0x1fb ./Drivers/STM32F4xx_HAL_Driver/Src/stm32f4xx_hal_cortex.o
 .debug_macro   0x00016066      0x201 ./Drivers/STM32F4xx_HAL_Driver/Src/stm32f4xx_hal_dma.o
 .debug_macro   0x00016267      0x201 ./Drivers/STM32F4xx_HAL_Driver/Src/stm32f4xx_hal_gpio.o
 .debug_macro   0x00016468      0x249 ./Drivers/STM32F4xx_HAL_Driver/Src/stm32f4xx_hal_i2c.o
 .debug_macro   0x000166b1      0x21f ./Drivers/STM32F4xx_HAL_Driver/Src/stm32f4xx_hal_rcc.o
 .debug_macro   0x000168d0      0x20a ./Drivers/STM32F4xx_HAL_Driver/Src/stm32f4xx_hal_spi.o

.debug_line     0x00000000     0xed7a
 .debug_line    0x00000000      0xf64 ./Core/Src/imu_dashboard.o
 .debug_line    0x00000f64      0x968 ./Core/Src/main.o
 .debug_line    0x000018cc      0x916 ./Core/Src/mpu6050.o
 .debug_line    0x000021e2      0xa80 ./Core/Src/st7789.o
 .debug_line    0x00002c62      0x87d ./Core/Src/stm32f4xx_hal_msp.o
 .debug_line    0x000034df      0x7ee ./Core/Src/stm32f4xx_it.o
 .debug_line    0x00003ccd      0x797 ./Core/Src/system_stm32f4xx.o
 .debug_line    0x00004464       0x7a ./Core/Startup/startup_stm32f411ceux.o
 .debug_line    0x000044de      0xa16 ./Drivers/STM32F4xx_HAL_Driver/Src/stm32f4xx_hal.o
 .debug_line    0x00004ef4     0x116a ./Drivers/STM32F4xx_HAL_Driver/Src/stm32f4xx_hal_adc.o
 .debug_line    0x0000605e      0xce3 ./Drivers/STM32F4xx_HAL_Driver/Src/stm32f4xx_hal_cortex.o
 .debug_line    0x00006d41      0xf7f ./Drivers/STM32F4xx_HAL_Driver/Src/stm32f4xx_hal_dma.o
 .debug_line    0x00007cc0      0xb2c ./Drivers/STM32F4xx_HAL_Driver/Src/stm32f4xx_hal_gpio.o
 .debug_line    0x000087ec     0x3ac0 ./Drivers/STM32F4xx_HAL_Driver/Src/stm32f4xx_hal_i2c.o
 .debug_line    0x0000c2ac      0xe20 ./Drivers/STM32F4xx_HAL_Driver/Src/stm32f4xx_hal_rcc.o
 .debug_line    0x0000d0cc     0x1cae ./Drivers/STM32F4xx_HAL_Driver/Src/stm32f4xx_hal_spi.o

.debug_str      0x00000000    0x906d1
 .debug_str     0x00000000    0x906d1 ./Core/Src/imu_dashboard.o
                              0x8cf22 (size before relaxing)
 .debug_str     0x000906d1    0x8dbe2 ./Core/Src/main.o
 .debug_str     0x000906d1    0x8d126 ./Core/Src/mpu6050.o
 .debug_str     0x000906d1    0x8d1e2 ./Core/Src/st7789.o
 .debug_str     0x000906d1    0x8d402 ./Core/Src/stm32f4xx_hal_msp.o
 .debug_str     0x000906d1    0x8cc5a ./Core/Src/stm32f4xx_it.o
 .debug_str     0x000906d1    0x8ca8d ./Core/Src/system_stm32f4xx.o
 .debug_str     0x000906d1       0x7d ./Core/Startup/startup_stm32f411ceux.o
 .debug_str     0x000906d1    0x8d4b9 ./Drivers/STM32F4xx_HAL_Driver/Src/stm32f4xx_hal.o
 .debug_str     0x000906d1    0x8d068 ./Drivers/STM32F4xx_HAL_Driver/Src/stm32f4xx_hal_adc.o
 .debug_str     0x000906d1    0x8d223 ./Drivers/STM32F4xx_HAL_Driver/Src/stm32f4xx_hal_cortex.o
 .debug_str     0x000906d1    0x8ce95 ./Drivers/STM32F4xx_HAL_Driver/Src/stm32f4xx_hal_dma.o
 .debug_str     0x000906d1    0x8cc08 ./Drivers/STM32F4xx_HAL_Driver/Src/stm32f4xx_hal_gpio.o
 .debug_str     0x000906d1    0x8da9e ./Drivers/STM32F4xx_HAL_Driver/Src/stm32f4xx_hal_i2c.o
 .debug_str     0x000906d1    0x8cec1 ./Drivers/STM32F4xx_HAL_Driver/Src/stm32f4xx_hal_rcc.o
 .debug_str     0x000906d1    0x8d339 ./Drivers/STM32F4xx_HAL_Driver/Src/stm32f4xx_hal_spi.o

.comment        0x00000000       0x43
 .comment       0x00000000       0x43 ./Core/Src/imu_dashboard.o
                                 0x44 (size before relaxing)
 .comment       0x00000043       0x44 ./Core/Src/main.o
 .comment       0x00000043       0x44 ./Core/Src/mpu6050.o
 .comment       0x00000043       0x44 ./Core/Src/st7789.o
 .comment       0x00000043       0x44 ./Core/Src/stm32f4xx_hal_msp.o
 .comment       0x00000043       0x44 ./Core/Src/stm32f4xx_it.o
 .comment       0x00000043       0x44 ./Core/Src/system_stm32f4xx.o
 .comment       0x00000043       0x44 ./Drivers/STM32F4xx_HAL_Driver/Src/stm32f4xx_hal.o
 .comment       0x00000043       0x44 ./Drivers/STM32F4xx_HAL_Driver/Src/stm32f4xx_hal_adc.o
 .comment       0x00000043       0x44 ./Drivers/STM32F4xx_HAL_Driver/Src/stm32f4xx_hal_cortex.o
 .comment       0x00000043       0x44 ./Drivers/STM32F4xx_HAL_Driver/Src/stm32f4xx_hal_dma.o
 .comment       0x00000043       0x44 ./Drivers/STM32F4xx_HAL_Driver/Src/stm32f4xx_hal_gpio.o
 .comment       0x00000043       0x44 ./Drivers/STM32F4xx_HAL_Driver/Src/stm32f4xx_hal_i2c.o
 .comment       0x00000043       0x44 ./Drivers/STM32F4xx_HAL_Driver/Src/stm32f4xx_hal_rcc.o
 .comment       0x00000043       0x44 ./Drivers/STM32F4xx_HAL_Driver/Src/stm32f4xx_hal_spi.o

.debug_frame    0x00000000     0x2f08
 .debug_frame   0x00000000      0x2ec ./Core/Src/imu_dashboard.o
 .debug_frame   0x000002ec      0x12c ./Core/Src/main.o
 .debug_frame   0x00000418      0x118 ./Core/Src/mpu6050.o
 .debug_frame   0x00000530      0x220 ./Core/Src/st7789.o
 .debug_frame   0x00000750      0x10c ./Core/Src/stm32f4xx_hal_msp.o
 .debug_frame   0x0000085c      0x114 ./Core/Src/stm32f4xx_it.o
 .debug_frame   0x00000970       0x50 ./Core/Src/system_stm32f4xx.o
 .debug_frame   0x000009c0      0x31c ./Drivers/STM32F4xx_HAL_Driver/Src/stm32f4xx_hal.o
 .debug_frame   0x00000cdc      0x3bc ./Drivers/STM32F4xx_HAL_Driver/Src/stm32f4xx_hal_adc.o
 .debug_frame   0x00001098      0x4b8 ./Drivers/STM32F4xx_HAL_Driver/Src/stm32f4xx_hal_cortex.o
 .debug_frame   0x00001550      0x230 ./Drivers/STM32F4xx_HAL_Driver/Src/stm32f4xx_hal_dma.o
 .debug_frame   0x00001780      0x130 ./Drivers/STM32F4xx_HAL_Driver/Src/stm32f4xx_hal_gpio.o
 .debug_frame   0x000018b0      0xbf4 ./Drivers/STM32F4xx_HAL_Driver/Src/stm32f4xx_hal_i2c.o
 .debug_frame   0x000024a4      0x1d8 ./Drivers/STM32F4xx_HAL_Driver/Src/stm32f4xx_hal_rcc.o
 .debug_frame   0x0000267c      0x7e0 ./Drivers/STM32F4xx_HAL_Driver/Src/stm32f4xx_hal_spi.o
 .debug_frame   0x00002e5c       0x20 /Applications/STM32CubeIDE.app/Contents/Eclipse/plugins/com.st.stm32cube.ide.mcu.externaltools.gnu-tools-for-stm32.14.3.rel1.macos64_1.0.0.202510090749/tools/bin/../lib/gcc/arm-none-eabi/14.3.1/../../../../arm-none-eabi/lib/thumb/v7e-m+fp/hard/libc_nano.a(libc_a-memset.o)
 .debug_frame   0x00002e7c       0x2c /Applications/STM32CubeIDE.app/Contents/Eclipse/plugins/com.st.stm32cube.ide.mcu.externaltools.gnu-tools-for-stm32.14.3.rel1.macos64_1.0.0.202510090749/tools/bin/../lib/gcc/arm-none-eabi/14.3.1/../../../../arm-none-eabi/lib/thumb/v7e-m+fp/hard/libc_nano.a(libc_a-init.o)
 .debug_frame   0x00002ea8       0x2c /Applications/STM32CubeIDE.app/Contents/Eclipse/plugins/com.st.stm32cube.ide.mcu.externaltools.gnu-tools-for-stm32.14.3.rel1.macos64_1.0.0.202510090749/tools/bin/../lib/gcc/arm-none-eabi/14.3.1/thumb/v7e-m+fp/hard/libgcc.a(_aeabi_uldivmod.o)
 .debug_frame   0x00002ed4       0x34 /Applications/STM32CubeIDE.app/Contents/Eclipse/plugins/com.st.stm32cube.ide.mcu.externaltools.gnu-tools-for-stm32.14.3.rel1.macos64_1.0.0.202510090749/tools/bin/../lib/gcc/arm-none-eabi/14.3.1/thumb/v7e-m+fp/hard/libgcc.a(_udivmoddi4.o)

.debug_line_str
                0x00000000       0x61
 .debug_line_str
                0x00000000       0x61 ./Core/Startup/startup_stm32f411ceux.o
