Archive member included to satisfy reference by file (symbol)

/Applications/STM32CubeIDE.app/Contents/Eclipse/plugins/com.st.stm32cube.ide.mcu.externaltools.gnu-tools-for-stm32.14.3.rel1.macos64_1.0.0.202510090749/tools/bin/../lib/gcc/arm-none-eabi/14.3.1/../../../../arm-none-eabi/lib/thumb/v7e-m+fp/hard/libc_nano.a(libc_a-exit.o)
                              /Applications/STM32CubeIDE.app/Contents/Eclipse/plugins/com.st.stm32cube.ide.mcu.externaltools.gnu-tools-for-stm32.14.3.rel1.macos64_1.0.0.202510090749/tools/bin/../lib/gcc/arm-none-eabi/14.3.1/../../../../arm-none-eabi/lib/thumb/v7e-m+fp/hard/crt0.o (exit)
/Applications/STM32CubeIDE.app/Contents/Eclipse/plugins/com.st.stm32cube.ide.mcu.externaltools.gnu-tools-for-stm32.14.3.rel1.macos64_1.0.0.202510090749/tools/bin/../lib/gcc/arm-none-eabi/14.3.1/../../../../arm-none-eabi/lib/thumb/v7e-m+fp/hard/libc_nano.a(libc_a-findfp.o)
                              /Applications/STM32CubeIDE.app/Contents/Eclipse/plugins/com.st.stm32cube.ide.mcu.externaltools.gnu-tools-for-stm32.14.3.rel1.macos64_1.0.0.202510090749/tools/bin/../lib/gcc/arm-none-eabi/14.3.1/../../../../arm-none-eabi/lib/thumb/v7e-m+fp/hard/libc_nano.a(libc_a-exit.o) (__stdio_exit_handler)
/Applications/STM32CubeIDE.app/Contents/Eclipse/plugins/com.st.stm32cube.ide.mcu.externaltools.gnu-tools-for-stm32.14.3.rel1.macos64_1.0.0.202510090749/tools/bin/../lib/gcc/arm-none-eabi/14.3.1/../../../../arm-none-eabi/lib/thumb/v7e-m+fp/hard/libc_nano.a(libc_a-fwalk.o)
                              /Applications/STM32CubeIDE.app/Contents/Eclipse/plugins/com.st.stm32cube.ide.mcu.externaltools.gnu-tools-for-stm32.14.3.rel1.macos64_1.0.0.202510090749/tools/bin/../lib/gcc/arm-none-eabi/14.3.1/../../../../arm-none-eabi/lib/thumb/v7e-m+fp/hard/libc_nano.a(libc_a-findfp.o) (_fwalk_sglue)
/Applications/STM32CubeIDE.app/Contents/Eclipse/plugins/com.st.stm32cube.ide.mcu.externaltools.gnu-tools-for-stm32.14.3.rel1.macos64_1.0.0.202510090749/tools/bin/../lib/gcc/arm-none-eabi/14.3.1/../../../../arm-none-eabi/lib/thumb/v7e-m+fp/hard/libc_nano.a(libc_a-memset.o)
                              /Applications/STM32CubeIDE.app/Contents/Eclipse/plugins/com.st.stm32cube.ide.mcu.externaltools.gnu-tools-for-stm32.14.3.rel1.macos64_1.0.0.202510090749/tools/bin/../lib/gcc/arm-none-eabi/14.3.1/../../../../arm-none-eabi/lib/thumb/v7e-m+fp/hard/crt0.o (memset)
/Applications/STM32CubeIDE.app/Contents/Eclipse/plugins/com.st.stm32cube.ide.mcu.externaltools.gnu-tools-for-stm32.14.3.rel1.macos64_1.0.0.202510090749/tools/bin/../lib/gcc/arm-none-eabi/14.3.1/../../../../arm-none-eabi/lib/thumb/v7e-m+fp/hard/libc_nano.a(libc_a-errno.o)
                              ./Core/Src/syscalls.o (__errno)
/Applications/STM32CubeIDE.app/Contents/Eclipse/plugins/com.st.stm32cube.ide.mcu.externaltools.gnu-tools-for-stm32.14.3.rel1.macos64_1.0.0.202510090749/tools/bin/../lib/gcc/arm-none-eabi/14.3.1/../../../../arm-none-eabi/lib/thumb/v7e-m+fp/hard/libc_nano.a(libc_a-init.o)
                              /Applications/STM32CubeIDE.app/Contents/Eclipse/plugins/com.st.stm32cube.ide.mcu.externaltools.gnu-tools-for-stm32.14.3.rel1.macos64_1.0.0.202510090749/tools/bin/../lib/gcc/arm-none-eabi/14.3.1/../../../../arm-none-eabi/lib/thumb/v7e-m+fp/hard/crt0.o (__libc_init_array)
/Applications/STM32CubeIDE.app/Contents/Eclipse/plugins/com.st.stm32cube.ide.mcu.externaltools.gnu-tools-for-stm32.14.3.rel1.macos64_1.0.0.202510090749/tools/bin/../lib/gcc/arm-none-eabi/14.3.1/../../../../arm-none-eabi/lib/thumb/v7e-m+fp/hard/libc_nano.a(libc_a-lock.o)
                              /Applications/STM32CubeIDE.app/Contents/Eclipse/plugins/com.st.stm32cube.ide.mcu.externaltools.gnu-tools-for-stm32.14.3.rel1.macos64_1.0.0.202510090749/tools/bin/../lib/gcc/arm-none-eabi/14.3.1/../../../../arm-none-eabi/lib/thumb/v7e-m+fp/hard/libc_nano.a(libc_a-findfp.o) (__retarget_lock_init_recursive)
/Applications/STM32CubeIDE.app/Contents/Eclipse/plugins/com.st.stm32cube.ide.mcu.externaltools.gnu-tools-for-stm32.14.3.rel1.macos64_1.0.0.202510090749/tools/bin/../lib/gcc/arm-none-eabi/14.3.1/../../../../arm-none-eabi/lib/thumb/v7e-m+fp/hard/libc_nano.a(libc_a-impure.o)
                              /Applications/STM32CubeIDE.app/Contents/Eclipse/plugins/com.st.stm32cube.ide.mcu.externaltools.gnu-tools-for-stm32.14.3.rel1.macos64_1.0.0.202510090749/tools/bin/../lib/gcc/arm-none-eabi/14.3.1/../../../../arm-none-eabi/lib/thumb/v7e-m+fp/hard/libc_nano.a(libc_a-errno.o) (_impure_ptr)
/Applications/STM32CubeIDE.app/Contents/Eclipse/plugins/com.st.stm32cube.ide.mcu.externaltools.gnu-tools-for-stm32.14.3.rel1.macos64_1.0.0.202510090749/tools/bin/../lib/gcc/arm-none-eabi/14.3.1/../../../../arm-none-eabi/lib/thumb/v7e-m+fp/hard/libc_nano.a(libc_a-mallocr.o)
[...]
Memory Configuration

Name             Origin             Length             Attributes
RAM              0x20000000         0x00020000         xrw
FLASH            0x08000000         0x00080000         xr
*default*        0x00000000         0xffffffff

Linker script and memory map

LOAD /Applications/STM32CubeIDE.app/Contents/Eclipse/plugins/com.st.stm32cube.ide.mcu.externaltools.gnu-tools-for-stm32.14.3.rel1.macos64_1.0.0.202510090749/tools/bin/../lib/gcc/arm-none-eabi/14.3.1/thumb/v7e-m+fp/hard/crti.o
LOAD /Applications/STM32CubeIDE.app/Contents/Eclipse/plugins/com.st.stm32cube.ide.mcu.externaltools.gnu-tools-for-stm32.14.3.rel1.macos64_1.0.0.202510090749/tools/bin/../lib/gcc/arm-none-eabi/14.3.1/thumb/v7e-m+fp/hard/crtbegin.o
LOAD /Applications/STM32CubeIDE.app/Contents/Eclipse/plugins/com.st.stm32cube.ide.mcu.externaltools.gnu-tools-for-stm32.14.3.rel1.macos64_1.0.0.202510090749/tools/bin/../lib/gcc/arm-none-eabi/14.3.1/../../../../arm-none-eabi/lib/thumb/v7e-m+fp/hard/crt0.o
LOAD ./Core/Src/imu_dashboard.o
LOAD ./Core/Src/main.o
LOAD ./Core/Src/mpu6050.o
LOAD ./Core/Src/st7789.o
LOAD ./Core/Src/stm32f4xx_hal_msp.o
LOAD ./Core/Src/stm32f4xx_it.o
LOAD ./Core/Src/syscalls.o
LOAD ./Core/Src/sysmem.o
LOAD ./Core/Src/system_stm32f4xx.o
LOAD ./Core/Startup/startup_stm32f411ceux.o
LOAD ./Drivers/STM32F4xx_HAL_Driver/Src/stm32f4xx_hal.o
LOAD ./Drivers/STM32F4xx_HAL_Driver/Src/stm32f4xx_hal_adc.o
LOAD ./Drivers/STM32F4xx_HAL_Driver/Src/stm32f4xx_hal_adc_ex.o
LOAD ./Drivers/STM32F4xx_HAL_Driver/Src/stm32f4xx_hal_cortex.o
LOAD ./Drivers/STM32F4xx_HAL_Driver/Src/stm32f4xx_hal_dma.o
LOAD ./Drivers/STM32F4xx_HAL_Driver/Src/stm32f4xx_hal_dma_ex.o
LOAD ./Drivers/STM32F4xx_HAL_Driver/Src/stm32f4xx_hal_exti.o
LOAD ./Drivers/STM32F4xx_HAL_Driver/Src/stm32f4xx_hal_flash.o
LOAD ./Drivers/STM32F4xx_HAL_Driver/Src/stm32f4xx_hal_flash_ex.o
LOAD ./Drivers/STM32F4xx_HAL_Driver/Src/stm32f4xx_hal_flash_ramfunc.o
LOAD ./Drivers/STM32F4xx_HAL_Driver/Src/stm32f4xx_hal_gpio.o
LOAD ./Drivers/STM32F4xx_HAL_Driver/Src/stm32f4xx_hal_i2c.o
LOAD ./Drivers/STM32F4xx_HAL_Driver/Src/stm32f4xx_hal_i2c_ex.o
LOAD ./Drivers/STM32F4xx_HAL_Driver/Src/stm32f4xx_hal_pwr.o
LOAD ./Drivers/STM32F4xx_HAL_Driver/Src/stm32f4xx_hal_pwr_ex.o
LOAD ./Drivers/STM32F4xx_HAL_Driver/Src/stm32f4xx_hal_rcc.o
LOAD ./Drivers/STM32F4xx_HAL_Driver/Src/stm32f4xx_hal_rcc_ex.o
LOAD ./Drivers/STM32F4xx_HAL_Driver/Src/stm32f4xx_hal_spi.o
LOAD ./Drivers/STM32F4xx_HAL_Driver/Src/stm32f4xx_ll_adc.o
START GROUP
LOAD /Applications/STM32CubeIDE.app/Contents/Eclipse/plugins/com.st.stm32cube.ide.mcu.externaltools.gnu-tools-for-stm32.14.3.rel1.macos64_1.0.0.202510090749/tools/bin/../lib/gcc/arm-none-eabi/14.3.1/../../../../arm-none-eabi/lib/thumb/v7e-m+fp/hard/libc_nano.a
LOAD /Applications/STM32CubeIDE.app/Contents/Eclipse/plugins/com.st.stm32cube.ide.mcu.externaltools.gnu-tools-for-stm32.14.3.rel1.macos64_1.0.0.202510090749/tools/bin/../lib/gcc/arm-none-eabi/14.3.1/../../../../arm-none-eabi/lib/thumb/v7e-m+fp/hard/libm.a
END GROUP
START GROUP
LOAD /Applications/STM32CubeIDE.app/Contents/Eclipse/plugins/com.st.stm32cube.ide.mcu.externaltools.gnu-tools-for-stm32.14.3.rel1.macos64_1.0.0.202510090749/tools/bin/../lib/gcc/arm-none-eabi/14.3.1/thumb/v7e-m+fp/hard/libgcc.a
LOAD /Applications/STM32CubeIDE.app/Contents/Eclipse/plugins/com.st.stm32cube.ide.mcu.externaltools.gnu-tools-for-stm32.14.3.rel1.macos64_1.0.0.202510090749/tools/bin/../lib/gcc/arm-none-eabi/14.3.1/../../../../arm-none-eabi/lib/thumb/v7e-m+fp/hard/libc_nano.a
END GROUP
START GROUP
LOAD /Applications/STM32CubeIDE.app/Contents/Eclipse/plugins/com.st.stm32cube.ide.mcu.externaltools.gnu-tools-for-stm32.14.3.rel1.macos64_1.0.0.202510090749/tools/bin/../lib/gcc/arm-none-eabi/14.3.1/thumb/v7e-m+fp/hard/libgcc.a
LOAD /Applications/STM32CubeIDE.app/Contents/Eclipse/plugins/com.st.stm32cube.ide.mcu.externaltools.gnu-tools-for-stm32.14.3.rel1.macos64_1.0.0.202510090749/tools/bin/../lib/gcc/arm-none-eabi/14.3.1/../../../../arm-none-eabi/lib/thumb/v7e-m+fp/hard/libc_nano.a
LOAD /Applications/STM32CubeIDE.app/Contents/Eclipse/plugins/com.st.stm32cube.ide.mcu.externaltools.gnu-tools-for-stm32.14.3.rel1.macos64_1.0.0.202510090749/tools/bin/../lib/gcc/arm-none-eabi/14.3.1/../../../../arm-none-eabi/lib/thumb/v7e-m+fp/hard/libnosys.a
END GROUP
START GROUP
LOAD /Applications/STM32CubeIDE.app/Contents/Eclipse/plugins/com.st.stm32cube.ide.mcu.externaltools.gnu-tools-for-stm32.14.3.rel1.macos64_1.0.0.202510090749/tools/bin/../lib/gcc/arm-none-eabi/14.3.1/thumb/v7e-m+fp/hard/libgcc.a
LOAD /Applications/STM32CubeIDE.app/Contents/Eclipse/plugins/com.st.stm32cube.ide.mcu.externaltools.gnu-tools-for-stm32.14.3.rel1.macos64_1.0.0.202510090749/tools/bin/../lib/gcc/arm-none-eabi/14.3.1/../../../../arm-none-eabi/lib/thumb/v7e-m+fp/hard/libc_nano.a
LOAD /Applications/STM32CubeIDE.app/Contents/Eclipse/plugins/com.st.stm32cube.ide.mcu.externaltools.gnu-tools-for-stm32.14.3.rel1.macos64_1.0.0.202510090749/tools/bin/../lib/gcc/arm-none-eabi/14.3.1/../../../../arm-none-eabi/lib/thumb/v7e-m+fp/hard/libnosys.a
END GROUP
LOAD /Applications/STM32CubeIDE.app/Contents/Eclipse/plugins/com.st.stm32cube.ide.mcu.externaltools.gnu-tools-for-stm32.14.3.rel1.macos64_1.0.0.202510090749/tools/bin/../lib/gcc/arm-none-eabi/14.3.1/thumb/v7e-m+fp/hard/crtend.o
LOAD /Applications/STM32CubeIDE.app/Contents/Eclipse/plugins/com.st.stm32cube.ide.mcu.externaltools.gnu-tools-for-stm32.14.3.rel1.macos64_1.0.0.202510090749/tools/bin/../lib/gcc/arm-none-eabi/14.3.1/thumb/v7e-m+fp/hard/crtn.o
                0x20020000                        _estack = (ORIGIN (RAM) + LENGTH (RAM))
                0x00000200                        _Min_Heap_Size = 0x200
                0x00000400                        _Min_Stack_Size = 0x400

.isr_vector     0x08000000      0x198
                0x08000000                        . = ALIGN (0x4)
 *(.isr_vector)
 .isr_vector    0x08000000      0x198 ./Core/Startup/startup_stm32f411ceux.o
                0x08000000                g_pfnVectors
                0x08000198                        . = ALIGN (0x4)

.text           0x08000198     0x5da0
                0x08000198                        . = ALIGN (0x4)
 *(.text)
 .text          0x08000198       0x40 /Applications/STM32CubeIDE.app/Contents/Eclipse/plugins/com.st.stm32cube.ide.mcu.externaltools.gnu-tools-for-stm32.14.3.rel1.macos64_1.0.0.202510090749/tools/bin/../lib/gcc/arm-none-eabi/14.3.1/thumb/v7e-m+fp/hard/crtbegin.o
 .text          0x080001d8       0x30 /Applications/STM32CubeIDE.app/Contents/Eclipse/plugins/com.st.stm32cube.ide.mcu.externaltools.gnu-tools-for-stm32.14.3.rel1.macos64_1.0.0.202510090749/tools/bin/../lib/gcc/arm-none-eabi/14.3.1/thumb/v7e-m+fp/hard/libgcc.a(_aeabi_uldivmod.o)
                0x080001d8                __aeabi_uldivmod
 .text          0x08000208      0x2f8 /Applications/STM32CubeIDE.app/Contents/Eclipse/plugins/com.st.stm32cube.ide.mcu.externaltools.gnu-tools-for-stm32.14.3.rel1.macos64_1.0.0.202510090749/tools/bin/../lib/gcc/arm-none-eabi/14.3.1/thumb/v7e-m+fp/hard/libgcc.a(_udivmoddi4.o)
                0x08000208                __udivmoddi4
 .text          0x08000500        0x4 /Applications/STM32CubeIDE.app/Contents/Eclipse/plugins/com.st.stm32cube.ide.mcu.externaltools.gnu-tools-for-stm32.14.3.rel1.macos64_1.0.0.202510090749/tools/bin/../lib/gcc/arm-none-eabi/14.3.1/thumb/v7e-m+fp/hard/libgcc.a(_dvmd_tls.o)
                0x08000500                __aeabi_ldiv0
                0x08000500                __aeabi_idiv0
 *(.text*)
 .text.IMU_Dashboard_Draw
                0x08000504       0x60 ./Core/Src/imu_dashboard.o
                0x08000504                IMU_Dashboard_Draw
 .text.IMU_Dashboard_InitColors
                0x08000564       0xb8 ./Core/Src/imu_dashboard.o
 .text.IMU_Dashboard_Clear
                0x0800061c       0x3c ./Core/Src/imu_dashboard.o
 .text.IMU_Dashboard_DrawPixel
                0x08000658       0x60 ./Core/Src/imu_dashboard.o
 .text.IMU_Dashboard_DrawLine
                0x080006b8      0x134 ./Core/Src/imu_dashboard.o
 .text.IMU_Dashboard_DrawThickLine
                0x080007ec       0x8a ./Core/Src/imu_dashboard.o
 .text.IMU_Dashboard_DrawRect
                0x08000876       0xa6 ./Core/Src/imu_dashboard.o
 .text.IMU_Dashboard_DrawCircle
                0x0800091c      0x170 ./Core/Src/imu_dashboard.o
 .text.IMU_Dashboard_FillCircle
                0x08000a8c       0xb6 ./Core/Src/imu_dashboard.o
 *fill*         0x08000b42        0x2 
 .text.IMU_Dashboard_DrawGrid
                0x08000b44      0x240 ./Core/Src/imu_dashboard.o
 .text.IMU_Dashboard_DrawOriginView
                0x08000d84      0x2b4 ./Core/Src/imu_dashboard.o
 .text.IMU_Dashboard_DrawAxis
                0x08001038       0x2e ./Core/Src/imu_dashboard.o
 .text.IMU_Dashboard_DrawArrowHead
                0x08001066      0x188 ./Core/Src/imu_dashboard.o
 *fill*         0x080011ee        0x2 
 .text.IMU_Dashboard_DrawReadouts
                0x080011f0      0x118 ./Core/Src/imu_dashboard.o
 .text.IMU_Dashboard_DrawText
                0x08001308       0x4a ./Core/Src/imu_dashboard.o
 .text.IMU_Dashboard_DrawChar
                0x08001352       0x90 ./Core/Src/imu_dashboard.o
 *fill*         0x080013e2        0x2 
 .text.IMU_Dashboard_Glyph
                0x080013e4      0x180 ./Core/Src/imu_dashboard.o
 .text.IMU_Dashboard_ClampInt16
                0x08001564       0x46 ./Core/Src/imu_dashboard.o
 .text.IMU_Dashboard_FloatToScaled
                0x080015aa       0x4a ./Core/Src/imu_dashboard.o
 .text.IMU_Dashboard_FormatCenti
                0x080015f4       0xf0 ./Core/Src/imu_dashboard.o
 .text.IMU_Dashboard_FormatInteger
                0x080016e4       0xf8 ./Core/Src/imu_dashboard.o
 .text.main     0x080017dc       0xa0 ./Core/Src/main.o
                0x080017dc                main
 .text.SystemClock_Config
                0x0800187c       0xbc ./Core/Src/main.o
                0x0800187c                SystemClock_Config
 .text.MX_ADC1_Init
                0x08001938       0xa4 ./Core/Src/main.o
 .text.MX_I2C1_Init
                0x080019dc       0x5c ./Core/Src/main.o
 .text.MX_I2C2_Init
                0x08001a38       0x5c ./Core/Src/main.o
 .text.MX_SPI1_Init
                0x08001a94       0x6c ./Core/Src/main.o
 .text.MX_DMA_Init
                0x08001b00       0x40 ./Core/Src/main.o
 .text.MX_GPIO_Init
                0x08001b40       0xb0 ./Core/Src/main.o
 .text.Error_Handler
                0x08001bf0        0xc ./Core/Src/main.o
                0x08001bf0                Error_Handler
 .text.MPU6050_Init
                0x08001bfc      0x104 ./Core/Src/mpu6050.o
                0x08001bfc                MPU6050_Init
 .text.MPU6050_ReadAll
                0x08001d00      0x1b4 ./Core/Src/mpu6050.o
                0x08001d00                MPU6050_ReadAll
 .text.MPU6050_ReadDeviceId
                0x08001eb4       0x38 ./Core/Src/mpu6050.o
                0x08001eb4                MPU6050_ReadDeviceId
 .text.MPU6050_HalAddress
                0x08001eec       0x1c ./Core/Src/mpu6050.o
 .text.MPU6050_ToInt16
                0x08001f08       0x2c ./Core/Src/mpu6050.o
 .text.MPU6050_WriteRegister
                0x08001f34       0x40 ./Core/Src/mpu6050.o
 .text.MPU6050_ReadRegisters
                0x08001f74       0x66 ./Core/Src/mpu6050.o
 *fill*         0x08001fda        0x2 
 .text.ST7789_Init
                0x08001fdc      0x14c ./Core/Src/st7789.o
                0x08001fdc                ST7789_Init
 .text.ST7789_FillScreen
                0x08002128       0x90 ./Core/Src/st7789.o
                0x08002128                ST7789_FillScreen
 .text.ST7789_DrawRgb565Dma
                0x080021b8       0xe0 ./Core/Src/st7789.o
                0x080021b8                ST7789_DrawRgb565Dma
 .text.ST7789_IsBusy
                0x08002298       0x18 ./Core/Src/st7789.o
                0x08002298                ST7789_IsBusy
 .text.ST7789_WaitForDma
                0x080022b0       0x20 ./Core/Src/st7789.o
                0x080022b0                ST7789_WaitForDma
 .text.ST7789_Color565
                0x080022d0       0x62 ./Core/Src/st7789.o
                0x080022d0                ST7789_Color565
 *fill*         0x08002332        0x2 
 .text.HAL_SPI_TxCpltCallback
                0x08002334       0x64 ./Core/Src/st7789.o
                0x08002334                HAL_SPI_TxCpltCallback
 .text.ST7789_Select
                0x08002398       0x18 ./Core/Src/st7789.o
 .text.ST7789_Unselect
                0x080023b0       0x18 ./Core/Src/st7789.o
 .text.ST7789_CommandMode
                0x080023c8       0x18 ./Core/Src/st7789.o
 .text.ST7789_DataMode
                0x080023e0       0x18 ./Core/Src/st7789.o
 .text.ST7789_WriteCommand
                0x080023f8       0x3c ./Core/Src/st7789.o
 .text.ST7789_WriteData
                0x08002434       0x3c ./Core/Src/st7789.o
 .text.ST7789_SetAddressWindow
                0x08002470       0xea ./Core/Src/st7789.o
 *fill*         0x0800255a        0x2 
 .text.ST7789_StartNextDmaChunk
                0x0800255c       0x64 ./Core/Src/st7789.o
 .text.ST7789_Reset
                0x080025c0       0x30 ./Core/Src/st7789.o
 .text.HAL_MspInit
                0x080025f0       0x50 ./Core/Src/stm32f4xx_hal_msp.o
                0x080025f0                HAL_MspInit
 .text.HAL_ADC_MspInit
                0x08002640       0x88 ./Core/Src/stm32f4xx_hal_msp.o
                0x08002640                HAL_ADC_MspInit
 .text.HAL_I2C_MspInit
                0x080026c8      0x118 ./Core/Src/stm32f4xx_hal_msp.o
                0x080026c8                HAL_I2C_MspInit
 .text.HAL_SPI_MspInit
                0x080027e0       0xf4 ./Core/Src/stm32f4xx_hal_msp.o
                0x080027e0                HAL_SPI_MspInit
 .text.NMI_Handler
                0x080028d4        0x8 ./Core/Src/stm32f4xx_it.o
                0x080028d4                NMI_Handler
 .text.HardFault_Handler
                0x080028dc        0x8 ./Core/Src/stm32f4xx_it.o
                0x080028dc                HardFault_Handler
 .text.MemManage_Handler
                0x080028e4        0x8 ./Core/Src/stm32f4xx_it.o
                0x080028e4                MemManage_Handler
 .text.BusFault_Handler
                0x080028ec        0x8 ./Core/Src/stm32f4xx_it.o
                0x080028ec                BusFault_Handler
 .text.UsageFault_Handler
                0x080028f4        0x8 ./Core/Src/stm32f4xx_it.o
                0x080028f4                UsageFault_Handler
 .text.SVC_Handler
                0x080028fc        0xe ./Core/Src/stm32f4xx_it.o
                0x080028fc                SVC_Handler
 .text.DebugMon_Handler
                0x0800290a        0xe ./Core/Src/stm32f4xx_it.o
                0x0800290a                DebugMon_Handler
 .text.PendSV_Handler
                0x08002918        0xe ./Core/Src/stm32f4xx_it.o
                0x08002918                PendSV_Handler
 .text.SysTick_Handler
                0x08002926        0xc ./Core/Src/stm32f4xx_it.o
                0x08002926                SysTick_Handler
 *fill*         0x08002932        0x2 
 .text.DMA2_Stream2_IRQHandler
                0x08002934       0x14 ./Core/Src/stm32f4xx_it.o
                0x08002934                DMA2_Stream2_IRQHandler
 .text.SystemInit
                0x08002948       0x24 ./Core/Src/system_stm32f4xx.o
                0x08002948                SystemInit
 .text.Reset_Handler
                0x0800296c       0x50 ./Core/Startup/startup_stm32f411ceux.o
                0x0800296c                Reset_Handler
 .text.Default_Handler
                0x080029bc        0x2 ./Core/Startup/startup_stm32f411ceux.o
                0x080029bc                DMA1_Stream3_IRQHandler
                0x080029bc                EXTI2_IRQHandler
                0x080029bc                SPI4_IRQHandler
                0x080029bc                TIM1_CC_IRQHandler
                0x080029bc                DMA2_Stream5_IRQHandler
                0x080029bc                DMA1_Stream5_IRQHandler
                0x080029bc                PVD_IRQHandler
                0x080029bc                SDIO_IRQHandler
                0x080029bc                TAMP_STAMP_IRQHandler
                0x080029bc                EXTI3_IRQHandler
                0x080029bc                TIM1_UP_TIM10_IRQHandler
                0x080029bc                I2C3_ER_IRQHandler
                0x080029bc                EXTI0_IRQHandler
                0x080029bc                I2C2_EV_IRQHandler
                0x080029bc                DMA1_Stream2_IRQHandler
                0x080029bc                FPU_IRQHandler
                0x080029bc                SPI1_IRQHandler
                0x080029bc                TIM1_BRK_TIM9_IRQHandler
                0x080029bc                DMA2_Stream3_IRQHandler
                0x080029bc                USART6_IRQHandler
                0x080029bc                DMA2_Stream0_IRQHandler
                0x080029bc                TIM4_IRQHandler
                0x080029bc                I2C1_EV_IRQHandler
                0x080029bc                DMA1_Stream6_IRQHandler
                0x080029bc                DMA1_Stream1_IRQHandler
                0x080029bc                TIM3_IRQHandler
                0x080029bc                RCC_IRQHandler
                0x080029bc                Default_Handler
                0x080029bc                EXTI15_10_IRQHandler
                0x080029bc                ADC_IRQHandler
                0x080029bc                DMA1_Stream7_IRQHandler
                0x080029bc                SPI5_IRQHandler
                0x080029bc                TIM5_IRQHandler
                0x080029bc                DMA2_Stream7_IRQHandler
                0x080029bc                I2C3_EV_IRQHandler
                0x080029bc                EXTI9_5_IRQHandler
                0x080029bc                RTC_WKUP_IRQHandler
                0x080029bc                SPI2_IRQHandler
                0x080029bc                DMA1_Stream0_IRQHandler
                0x080029bc                EXTI4_IRQHandler
                0x080029bc                WWDG_IRQHandler
                0x080029bc                TIM2_IRQHandler
                0x080029bc                OTG_FS_WKUP_IRQHandler
                0x080029bc                TIM1_TRG_COM_TIM11_IRQHandler
                0x080029bc                EXTI1_IRQHandler
                0x080029bc                USART2_IRQHandler
                0x080029bc                I2C2_ER_IRQHandler
                0x080029bc                DMA2_Stream1_IRQHandler
                0x080029bc                FLASH_IRQHandler
                0x080029bc                DMA2_Stream4_IRQHandler
                0x080029bc                USART1_IRQHandler
                0x080029bc                OTG_FS_IRQHandler
                0x080029bc                SPI3_IRQHandler
                0x080029bc                DMA1_Stream4_IRQHandler
                0x080029bc                I2C1_ER_IRQHandler
                0x080029bc                DMA2_Stream6_IRQHandler
                0x080029bc                RTC_Alarm_IRQHandler
 *fill*         0x080029be        0x2 
 .text.HAL_Init
                0x080029c0       0x44 ./Drivers/STM32F4xx_HAL_Driver/Src/stm32f4xx_hal.o
                0x080029c0                HAL_Init
 .text.HAL_InitTick
                0x08002a04       0x60 ./Drivers/STM32F4xx_HAL_Driver/Src/stm32f4xx_hal.o
                0x08002a04                HAL_InitTick
 .text.HAL_IncTick
                0x08002a64       0x28 ./Drivers/STM32F4xx_HAL_Driver/Src/stm32f4xx_hal.o
                0x08002a64                HAL_IncTick
 .text.HAL_GetTick
                0x08002a8c       0x18 ./Drivers/STM32F4xx_HAL_Driver/Src/stm32f4xx_hal.o
                0x08002a8c                HAL_GetTick
 .text.HAL_Delay
                0x08002aa4       0x48 ./Drivers/STM32F4xx_HAL_Driver/Src/stm32f4xx_hal.o
                0x08002aa4                HAL_Delay
 .text.HAL_ADC_Init
                0x08002aec       0x86 ./Drivers/STM32F4xx_HAL_Driver/Src/stm32f4xx_hal_adc.o
                0x08002aec                HAL_ADC_Init
 *fill*         0x08002b72        0x2 
 .text.HAL_ADC_ConfigChannel
                0x08002b74      0x264 ./Drivers/STM32F4xx_HAL_Driver/Src/stm32f4xx_hal_adc.o
                0x08002b74                HAL_ADC_ConfigChannel
 .text.ADC_Init
                0x08002dd8      0x1f8 ./Drivers/STM32F4xx_HAL_Driver/Src/stm32f4xx_hal_adc.o
 .text.__NVIC_SetPriorityGrouping
                0x08002fd0       0x48 ./Drivers/STM32F4xx_HAL_Driver/Src/stm32f4xx_hal_cortex.o
 .text.__NVIC_GetPriorityGrouping
                0x08003018       0x1c ./Drivers/STM32F4xx_HAL_Driver/Src/stm32f4xx_hal_cortex.o
 .text.__NVIC_EnableIRQ
                0x08003034       0x3c ./Drivers/STM32F4xx_HAL_Driver/Src/stm32f4xx_hal_cortex.o
 .text.__NVIC_SetPriority
                0x08003070       0x54 ./Drivers/STM32F4xx_HAL_Driver/Src/stm32f4xx_hal_cortex.o
 .text.NVIC_EncodePriority
                0x080030c4       0x66 ./Drivers/STM32F4xx_HAL_Driver/Src/stm32f4xx_hal_cortex.o
 *fill*         0x0800312a        0x2 
 .text.SysTick_Config
                0x0800312c       0x44 ./Drivers/STM32F4xx_HAL_Driver/Src/stm32f4xx_hal_cortex.o
 .text.HAL_NVIC_SetPriorityGrouping
                0x08003170       0x16 ./Drivers/STM32F4xx_HAL_Driver/Src/stm32f4xx_hal_cortex.o
                0x08003170                HAL_NVIC_SetPriorityGrouping
 .text.HAL_NVIC_SetPriority
                0x08003186       0x38 ./Drivers/STM32F4xx_HAL_Driver/Src/stm32f4xx_hal_cortex.o
                0x08003186                HAL_NVIC_SetPriority
 .text.HAL_NVIC_EnableIRQ
                0x080031be       0x1c ./Drivers/STM32F4xx_HAL_Driver/Src/stm32f4xx_hal_cortex.o
                0x080031be                HAL_NVIC_EnableIRQ
 .text.HAL_SYSTICK_Config
                0x080031da       0x18 ./Drivers/STM32F4xx_HAL_Driver/Src/stm32f4xx_hal_cortex.o
                0x080031da                HAL_SYSTICK_Config
 *fill*         0x080031f2        0x2 
 .text.HAL_DMA_Init
                0x080031f4      0x15c ./Drivers/STM32F4xx_HAL_Driver/Src/stm32f4xx_hal_dma.o
                0x080031f4                HAL_DMA_Init
 .text.HAL_DMA_Start_IT
                0x08003350       0xb0 ./Drivers/STM32F4xx_HAL_Driver/Src/stm32f4xx_hal_dma.o
                0x08003350                HAL_DMA_Start_IT
 .text.HAL_DMA_IRQHandler
                0x08003400      0x314 ./Drivers/STM32F4xx_HAL_Driver/Src/stm32f4xx_hal_dma.o
                0x08003400                HAL_DMA_IRQHandler
 .text.DMA_SetConfig
                0x08003714       0x5c ./Drivers/STM32F4xx_HAL_Driver/Src/stm32f4xx_hal_dma.o
 .text.DMA_CalcBaseAndBitshift
                0x08003770       0x6c ./Drivers/STM32F4xx_HAL_Driver/Src/stm32f4xx_hal_dma.o
 .text.DMA_CheckFifoParam
                0x080037dc       0xf8 ./Drivers/STM32F4xx_HAL_Driver/Src/stm32f4xx_hal_dma.o
 .text.HAL_GPIO_Init
                0x080038d4      0x308 ./Drivers/STM32F4xx_HAL_Driver/Src/stm32f4xx_hal_gpio.o
                0x080038d4                HAL_GPIO_Init
 .text.HAL_GPIO_WritePin
                0x08003bdc       0x32 ./Drivers/STM32F4xx_HAL_Driver/Src/stm32f4xx_hal_gpio.o
                0x08003bdc                HAL_GPIO_WritePin
 *fill*         0x08003c0e        0x2 
 .text.HAL_I2C_Init
                0x08003c10      0x288 ./Drivers/STM32F4xx_HAL_Driver/Src/stm32f4xx_hal_i2c.o
                0x08003c10                HAL_I2C_Init
 .text.HAL_I2C_Master_Transmit
                0x08003e98      0x1fc ./Drivers/STM32F4xx_HAL_Driver/Src/stm32f4xx_hal_i2c.o
                0x08003e98                HAL_I2C_Master_Transmit
 .text.HAL_I2C_Master_Receive
                0x08004094      0x464 ./Drivers/STM32F4xx_HAL_Driver/Src/stm32f4xx_hal_i2c.o
                0x08004094                HAL_I2C_Master_Receive
 .text.HAL_I2C_IsDeviceReady
                0x080044f8      0x25c ./Drivers/STM32F4xx_HAL_Driver/Src/stm32f4xx_hal_i2c.o
                0x080044f8                HAL_I2C_IsDeviceReady
 .text.I2C_MasterRequestWrite
                0x08004754      0x104 ./Drivers/STM32F4xx_HAL_Driver/Src/stm32f4xx_hal_i2c.o
 .text.I2C_MasterRequestRead
                0x08004858      0x19c ./Drivers/STM32F4xx_HAL_Driver/Src/stm32f4xx_hal_i2c.o
 .text.I2C_WaitOnFlagUntilTimeout
                0x080049f4       0xf4 ./Drivers/STM32F4xx_HAL_Driver/Src/stm32f4xx_hal_i2c.o
 .text.I2C_WaitOnMasterAddressFlagUntilTimeout
                0x08004ae8      0x140 ./Drivers/STM32F4xx_HAL_Driver/Src/stm32f4xx_hal_i2c.o
 .text.I2C_WaitOnTXEFlagUntilTimeout
                0x08004c28       0x90 ./Drivers/STM32F4xx_HAL_Driver/Src/stm32f4xx_hal_i2c.o
 .text.I2C_WaitOnBTFFlagUntilTimeout
                0x08004cb8       0x90 ./Drivers/STM32F4xx_HAL_Driver/Src/stm32f4xx_hal_i2c.o
 .text.I2C_WaitOnRXNEFlagUntilTimeout
                0x08004d48       0xba ./Drivers/STM32F4xx_HAL_Driver/Src/stm32f4xx_hal_i2c.o
 .text.I2C_IsAcknowledgeFailed
                0x08004e02       0x5e ./Drivers/STM32F4xx_HAL_Driver/Src/stm32f4xx_hal_i2c.o
 .text.HAL_RCC_OscConfig
                0x08004e60      0x4f0 ./Drivers/STM32F4xx_HAL_Driver/Src/stm32f4xx_hal_rcc.o
                0x08004e60                HAL_RCC_OscConfig
 .text.HAL_RCC_ClockConfig
                0x08005350      0x1cc ./Drivers/STM32F4xx_HAL_Driver/Src/stm32f4xx_hal_rcc.o
                0x08005350                HAL_RCC_ClockConfig
 .text.HAL_RCC_GetSysClockFreq
                0x0800551c      0x188 ./Drivers/STM32F4xx_HAL_Driver/Src/stm32f4xx_hal_rcc.o
                0x0800551c                HAL_RCC_GetSysClockFreq
 .text.HAL_RCC_GetHCLKFreq
                0x080056a4       0x18 ./Drivers/STM32F4xx_HAL_Driver/Src/stm32f4xx_hal_rcc.o
                0x080056a4                HAL_RCC_GetHCLKFreq
 .text.HAL_RCC_GetPCLK1Freq
                0x080056bc       0x28 ./Drivers/STM32F4xx_HAL_Driver/Src/stm32f4xx_hal_rcc.o
                0x080056bc                HAL_RCC_GetPCLK1Freq
 .text.HAL_SPI_Init
                0x080056e4      0x112 ./Drivers/STM32F4xx_HAL_Driver/Src/stm32f4xx_hal_spi.o
                0x080056e4                HAL_SPI_Init
 .text.HAL_SPI_Transmit
                0x080057f6      0x288 ./Drivers/STM32F4xx_HAL_Driver/Src/stm32f4xx_hal_spi.o
                0x080057f6                HAL_SPI_Transmit
 *fill*         0x08005a7e        0x2 
 .text.HAL_SPI_Transmit_DMA
                0x08005a80      0x164 ./Drivers/STM32F4xx_HAL_Driver/Src/stm32f4xx_hal_spi.o
                0x08005a80                HAL_SPI_Transmit_DMA
 .text.HAL_SPI_TxHalfCpltCallback
                0x08005be4       0x14 ./Drivers/STM32F4xx_HAL_Driver/Src/stm32f4xx_hal_spi.o
                0x08005be4                HAL_SPI_TxHalfCpltCallback
 .text.HAL_SPI_ErrorCallback
                0x08005bf8       0x14 ./Drivers/STM32F4xx_HAL_Driver/Src/stm32f4xx_hal_spi.o
                0x08005bf8                HAL_SPI_ErrorCallback
 .text.SPI_DMATransmitCplt
                0x08005c0c       0xa8 ./Drivers/STM32F4xx_HAL_Driver/Src/stm32f4xx_hal_spi.o
 .text.SPI_DMAHalfTransmitCplt
                0x08005cb4       0x1c ./Drivers/STM32F4xx_HAL_Driver/Src/stm32f4xx_hal_spi.o
 .text.SPI_DMAError
                0x08005cd0       0x40 ./Drivers/STM32F4xx_HAL_Driver/Src/stm32f4xx_hal_spi.o
 .text.SPI_WaitFlagStateUntilTimeout
                0x08005d10      0x110 ./Drivers/STM32F4xx_HAL_Driver/Src/stm32f4xx_hal_spi.o
 .text.SPI_EndRxTxTransaction
                0x08005e20       0xa8 ./Drivers/STM32F4xx_HAL_Driver/Src/stm32f4xx_hal_spi.o
 .text.memset   0x08005ec8       0x10 /Applications/STM32CubeIDE.app/Contents/Eclipse/plugins/com.st.stm32cube.ide.mcu.externaltools.gnu-tools-for-stm32.14.3.rel1.macos64_1.0.0.202510090749/tools/bin/../lib/gcc/arm-none-eabi/14.3.1/../../../../arm-none-eabi/lib/thumb/v7e-m+fp/hard/libc_nano.a(libc_a-memset.o)
                0x08005ec8                memset
 .text.__libc_init_array
                0x08005ed8       0x48 /Applications/STM32CubeIDE.app/Contents/Eclipse/plugins/com.st.stm32cube.ide.mcu.externaltools.gnu-tools-for-stm32.14.3.rel1.macos64_1.0.0.202510090749/tools/bin/../lib/gcc/arm-none-eabi/14.3.1/../../../../arm-none-eabi/lib/thumb/v7e-m+fp/hard/libc_nano.a(libc_a-init.o)
                0x08005ed8                __libc_init_array
 *(.glue_7)
 .glue_7        0x08005f20        0x0 linker stubs
 *(.glue_7t)
 .glue_7t       0x08005f20        0x0 linker stubs
 *(.eh_frame)
 .eh_frame      0x08005f20        0x0 /Applications/STM32CubeIDE.app/Contents/Eclipse/plugins/com.st.stm32cube.ide.mcu.externaltools.gnu-tools-for-stm32.14.3.rel1.macos64_1.0.0.202510090749/tools/bin/../lib/gcc/arm-none-eabi/14.3.1/thumb/v7e-m+fp/hard/crtbegin.o
 *(.init)
 .init          0x08005f20        0x4 /Applications/STM32CubeIDE.app/Contents/Eclipse/plugins/com.st.stm32cube.ide.mcu.externaltools.gnu-tools-for-stm32.14.3.rel1.macos64_1.0.0.202510090749/tools/bin/../lib/gcc/arm-none-eabi/14.3.1/thumb/v7e-m+fp/hard/crti.o
                0x08005f20                _init
 .init          0x08005f24        0x8 /Applications/STM32CubeIDE.app/Contents/Eclipse/plugins/com.st.stm32cube.ide.mcu.externaltools.gnu-tools-for-stm32.14.3.rel1.macos64_1.0.0.202510090749/tools/bin/../lib/gcc/arm-none-eabi/14.3.1/thumb/v7e-m+fp/hard/crtn.o
 *(.fini)
 .fini          0x08005f2c        0x4 /Applications/STM32CubeIDE.app/Contents/Eclipse/plugins/com.st.stm32cube.ide.mcu.externaltools.gnu-tools-for-stm32.14.3.rel1.macos64_1.0.0.202510090749/tools/bin/../lib/gcc/arm-none-eabi/14.3.1/thumb/v7e-m+fp/hard/crti.o
                0x08005f2c                _fini
 .fini          0x08005f30        0x8 /Applications/STM32CubeIDE.app/Contents/Eclipse/plugins/com.st.stm32cube.ide.mcu.externaltools.gnu-tools-for-stm32.14.3.rel1.macos64_1.0.0.202510090749/tools/bin/../lib/gcc/arm-none-eabi/14.3.1/thumb/v7e-m+fp/hard/crtn.o
                0x08005f38                        . = ALIGN (0x4)
                0x08005f38                        _etext = .

.vfp11_veneer   0x08005f38        0x0
 .vfp11_veneer  0x08005f38        0x0 linker stubs

.v4_bx          0x08005f38        0x0
 .v4_bx         0x08005f38        0x0 linker stubs

.iplt           0x08005f38        0x0
 .iplt          0x08005f38        0x0 /Applications/STM32CubeIDE.app/Contents/Eclipse/plugins/com.st.stm32cube.ide.mcu.externaltools.gnu-tools-for-stm32.14.3.rel1.macos64_1.0.0.202510090749/tools/bin/../lib/gcc/arm-none-eabi/14.3.1/thumb/v7e-m+fp/hard/crtbegin.o

.rodata         0x08005f38      0x10c
                0x08005f38                        . = ALIGN (0x4)
 *(.rodata)
 .rodata        0x08005f38       0x3f ./Core/Src/imu_dashboard.o
 *(.rodata*)
 *fill*         0x08005f77        0x1 
 .rodata.digits.15
                0x08005f78       0x32 ./Core/Src/imu_dashboard.o
 *fill*         0x08005faa        0x2 
 .rodata.plus.14
                0x08005fac        0x5 ./Core/Src/imu_dashboard.o
 *fill*         0x08005fb1        0x3 
 .rodata.minus.13
                0x08005fb4        0x5 ./Core/Src/imu_dashboard.o
 *fill*         0x08005fb9        0x3 
 .rodata.dot.12
                0x08005fbc        0x5 ./Core/Src/imu_dashboard.o
 *fill*         0x08005fc1        0x3 
 .rodata.letter_a.11
                0x08005fc4        0x5 ./Core/Src/imu_dashboard.o
 *fill*         0x08005fc9        0x3 
 .rodata.letter_e.10
                0x08005fcc        0x5 ./Core/Src/imu_dashboard.o
 *fill*         0x08005fd1        0x3 
 .rodata.letter_g.9
                0x08005fd4        0x5 ./Core/Src/imu_dashboard.o
 *fill*         0x08005fd9        0x3 
 .rodata.letter_i.8
                0x08005fdc        0x5 ./Core/Src/imu_dashboard.o
 *fill*         0x08005fe1        0x3 
 .rodata.letter_l.7
                0x08005fe4        0x5 ./Core/Src/imu_dashboard.o
 *fill*         0x08005fe9        0x3 
 .rodata.letter_m.6
                0x08005fec        0x5 ./Core/Src/imu_dashboard.o
 *fill*         0x08005ff1        0x3 
 .rodata.letter_u.5
                0x08005ff4        0x5 ./Core/Src/imu_dashboard.o
 *fill*         0x08005ff9        0x3 
 .rodata.letter_v.4
                0x08005ffc        0x5 ./Core/Src/imu_dashboard.o
 *fill*         0x08006001        0x3 
 .rodata.letter_x.3
                0x08006004        0x5 ./Core/Src/imu_dashboard.o
 *fill*         0x08006009        0x3 
 .rodata.letter_y.2
                0x0800600c        0x5 ./Core/Src/imu_dashboard.o
 *fill*         0x08006011        0x3 
 .rodata.letter_z.1
                0x08006014        0x5 ./Core/Src/imu_dashboard.o
 *fill*         0x08006019        0x3 
 .rodata.space.0
                0x0800601c        0x5 ./Core/Src/imu_dashboard.o
 *fill*         0x08006021        0x3 
 .rodata.AHBPrescTable
                0x08006024       0x10 ./Core/Src/system_stm32f4xx.o
                0x08006024                AHBPrescTable
 .rodata.APBPrescTable
                0x08006034        0x8 ./Core/Src/system_stm32f4xx.o
                0x08006034                APBPrescTable
 .rodata.flagBitshiftOffset.0
                0x0800603c        0x8 ./Drivers/STM32F4xx_HAL_Driver/Src/stm32f4xx_hal_dma.o
                0x08006044                        . = ALIGN (0x4)

.ARM.extab      0x08006044        0x0
                0x08006044                        . = ALIGN (0x4)
 *(.ARM.extab* .gnu.linkonce.armextab.*)
                0x08006044                        . = ALIGN (0x4)

.ARM            0x08006044        0x8
                0x08006044                        . = ALIGN (0x4)
                0x08006044                        __exidx_start = .
 *(.ARM.exidx*)
 .ARM.exidx     0x08006044        0x8 /Applications/STM32CubeIDE.app/Contents/Eclipse/plugins/com.st.stm32cube.ide.mcu.externaltools.gnu-tools-for-stm32.14.3.rel1.macos64_1.0.0.202510090749/tools/bin/../lib/gcc/arm-none-eabi/14.3.1/thumb/v7e-m+fp/hard/libgcc.a(_udivmoddi4.o)
                0x0800604c                        __exidx_end = .
                0x0800604c                        . = ALIGN (0x4)

.preinit_array  0x0800604c        0x0
                0x0800604c                        . = ALIGN (0x4)
                0x0800604c                        PROVIDE (__preinit_array_start = .)
 *(.preinit_array*)
                0x0800604c                        PROVIDE (__preinit_array_end = .)
                0x0800604c                        . = ALIGN (0x4)

.init_array     0x0800604c        0x4
                0x0800604c                        . = ALIGN (0x4)
                0x0800604c                        PROVIDE (__init_array_start = .)
 *(SORT_BY_NAME(.init_array.*))
 *(.init_array*)
 .init_array    0x0800604c        0x4 /Applications/STM32CubeIDE.app/Contents/Eclipse/plugins/com.st.stm32cube.ide.mcu.externaltools.gnu-tools-for-stm32.14.3.rel1.macos64_1.0.0.202510090749/tools/bin/../lib/gcc/arm-none-eabi/14.3.1/thumb/v7e-m+fp/hard/crtbegin.o
                0x08006050                        PROVIDE (__init_array_end = .)
                0x08006050                        . = ALIGN (0x4)

.fini_array     0x08006050        0x4
                0x08006050                        . = ALIGN (0x4)
                [!provide]                        PROVIDE (__fini_array_start = .)
 *(SORT_BY_NAME(.fini_array.*))
 *(.fini_array*)
 .fini_array    0x08006050        0x4 /Applications/STM32CubeIDE.app/Contents/Eclipse/plugins/com.st.stm32cube.ide.mcu.externaltools.gnu-tools-for-stm32.14.3.rel1.macos64_1.0.0.202510090749/tools/bin/../lib/gcc/arm-none-eabi/14.3.1/thumb/v7e-m+fp/hard/crtbegin.o
                [!provide]                        PROVIDE (__fini_array_end = .)
                0x08006054                        . = ALIGN (0x4)
                0x08006054                        _sidata = LOADADDR (.data)

.rel.dyn        0x08006054        0x0
 .rel.iplt      0x08006054        0x0 /Applications/STM32CubeIDE.app/Contents/Eclipse/plugins/com.st.stm32cube.ide.mcu.externaltools.gnu-tools-for-stm32.14.3.rel1.macos64_1.0.0.202510090749/tools/bin/../lib/gcc/arm-none-eabi/14.3.1/thumb/v7e-m+fp/hard/crtbegin.o

.data           0x20000000        0xc load address 0x08006054
                0x20000000                        . = ALIGN (0x4)
                0x20000000                        _sdata = .
 *(.data)
 *(.data*)
 .data.SystemCoreClock
                0x20000000        0x4 ./Core/Src/system_stm32f4xx.o
                0x20000000                SystemCoreClock
 .data.uwTickPrio
                0x20000004        0x4 ./Drivers/STM32F4xx_HAL_Driver/Src/stm32f4xx_hal.o
                0x20000004                uwTickPrio
 .data.uwTickFreq
                0x20000008        0x1 ./Drivers/STM32F4xx_HAL_Driver/Src/stm32f4xx_hal.o
                0x20000008                uwTickFreq
 *(.RamFunc)
 *(.RamFunc*)
                0x2000000c                        . = ALIGN (0x4)
 *fill*         0x20000009        0x3 
                0x2000000c                        _edata = .

.igot.plt       0x2000000c        0x0 load address 0x08006060
 .igot.plt      0x2000000c        0x0 /Applications/STM32CubeIDE.app/Contents/Eclipse/plugins/com.st.stm32cube.ide.mcu.externaltools.gnu-tools-for-stm32.14.3.rel1.macos64_1.0.0.202510090749/tools/bin/../lib/gcc/arm-none-eabi/14.3.1/thumb/v7e-m+fp/hard/crtbegin.o
                0x2000000c                        . = ALIGN (0x4)

.bss            0x2000000c    0x1c60c load address 0x08006060
                0x2000000c                        _sbss = .
                0x2000000c                        __bss_start__ = _sbss
 *(.bss)
 .bss           0x2000000c       0x1c /Applications/STM32CubeIDE.app/Contents/Eclipse/plugins/com.st.stm32cube.ide.mcu.externaltools.gnu-tools-for-stm32.14.3.rel1.macos64_1.0.0.202510090749/tools/bin/../lib/gcc/arm-none-eabi/14.3.1/thumb/v7e-m+fp/hard/crtbegin.o
 *(.bss*)
 .bss.imu_framebuffer
                0x20000028    0x1c200 ./Core/Src/imu_dashboard.o
 .bss.color_background
                0x2001c228        0x2 ./Core/Src/imu_dashboard.o
 .bss.color_grid
                0x2001c22a        0x2 ./Core/Src/imu_dashboard.o
 .bss.color_body_edge
                0x2001c22c        0x2 ./Core/Src/imu_dashboard.o
 .bss.color_text
                0x2001c22e        0x2 ./Core/Src/imu_dashboard.o
 .bss.color_x_axis
                0x2001c230        0x2 ./Core/Src/imu_dashboard.o
 .bss.color_y_axis
                0x2001c232        0x2 ./Core/Src/imu_dashboard.o
 .bss.color_z_axis
                0x2001c234        0x2 ./Core/Src/imu_dashboard.o
 .bss.initialized.16
                0x2001c236        0x1 ./Core/Src/imu_dashboard.o
 *fill*         0x2001c237        0x1 
 .bss.hadc1     0x2001c238       0x48 ./Core/Src/main.o
                0x2001c238                hadc1
 .bss.hi2c1     0x2001c280       0x54 ./Core/Src/main.o
                0x2001c280                hi2c1
 .bss.hi2c2     0x2001c2d4       0x54 ./Core/Src/main.o
                0x2001c2d4                hi2c2
 .bss.hspi1     0x2001c328       0x58 ./Core/Src/main.o
                0x2001c328                hspi1
 .bss.hdma_spi1_tx
                0x2001c380       0x60 ./Core/Src/main.o
                0x2001c380                hdma_spi1_tx
 .bss.hmpu6050  0x2001c3e0       0x10 ./Core/Src/main.o
                0x2001c3e0                hmpu6050
 .bss.imu_data  0x2001c3f0       0x2c ./Core/Src/main.o
                0x2001c3f0                imu_data
 .bss.imu_last_read_ms
                0x2001c41c        0x4 ./Core/Src/main.o
                0x2001c41c                imu_last_read_ms
 .bss.dashboard_last_draw_ms
                0x2001c420        0x4 ./Core/Src/main.o
                0x2001c420                dashboard_last_draw_ms
 .bss.st7789_hspi
                0x2001c424        0x4 ./Core/Src/st7789.o
 .bss.st7789_dma_busy
                0x2001c428        0x1 ./Core/Src/st7789.o
 *fill*         0x2001c429        0x3 
 .bss.st7789_dma_data
                0x2001c42c        0x4 ./Core/Src/st7789.o
 .bss.st7789_dma_bytes_remaining
                0x2001c430        0x4 ./Core/Src/st7789.o
 .bss.st7789_clear_buffer
                0x2001c434      0x1e0 ./Core/Src/st7789.o
 .bss.uwTick    0x2001c614        0x4 ./Drivers/STM32F4xx_HAL_Driver/Src/stm32f4xx_hal.o
                0x2001c614                uwTick
 *(COMMON)
                0x2001c618                        . = ALIGN (0x4)
                0x2001c618                        _ebss = .
                0x2001c618                        __bss_end__ = _ebss

._user_heap_stack
                0x2001c618      0x600 load address 0x08006060
                0x2001c618                        . = ALIGN (0x8)
                [!provide]                        PROVIDE (end = .)
                0x2001c618                        PROVIDE (_end = .)
                0x2001c818                        . = (. + _Min_Heap_Size)
 *fill*         0x2001c618      0x200 
                0x2001cc18                        . = (. + _Min_Stack_Size)
 *fill*         0x2001c818      0x400 
                0x2001cc18                        . = ALIGN (0x8)

/DISCARD/
 libc.a(*)
 libm.a(*)
 libgcc.a(*)

.ARM.attributes
                0x00000000       0x30
 *(.ARM.attributes)
 .ARM.attributes
                0x00000000       0x22 /Applications/STM32CubeIDE.app/Contents/Eclipse/plugins/com.st.stm32cube.ide.mcu.externaltools.gnu-tools-for-stm32.14.3.rel1.macos64_1.0.0.202510090749/tools/bin/../lib/gcc/arm-none-eabi/14.3.1/thumb/v7e-m+fp/hard/crti.o
 .ARM.attributes
                0x00000022       0x34 /Applications/STM32CubeIDE.app/Contents/Eclipse/plugins/com.st.stm32cube.ide.mcu.externaltools.gnu-tools-for-stm32.14.3.rel1.macos64_1.0.0.202510090749/tools/bin/../lib/gcc/arm-none-eabi/14.3.1/thumb/v7e-m+fp/hard/crtbegin.o
 .ARM.attributes
                0x00000056       0x34 ./Core/Src/imu_dashboard.o
 .ARM.attributes
                0x0000008a       0x34 ./Core/Src/main.o
 .ARM.attributes
                0x000000be       0x34 ./Core/Src/mpu6050.o
 .ARM.attributes
                0x000000f2       0x34 ./Core/Src/st7789.o
 .ARM.attributes
                0x00000126       0x34 ./Core/Src/stm32f4xx_hal_msp.o
 .ARM.attributes
                0x0000015a       0x34 ./Core/Src/stm32f4xx_it.o
 .ARM.attributes
                0x0000018e       0x34 ./Core/Src/system_stm32f4xx.o
 .ARM.attributes
                0x000001c2       0x21 ./Core/Startup/startup_stm32f411ceux.o
 .ARM.attributes
                0x000001e3       0x34 ./Drivers/STM32F4xx_HAL_Driver/Src/stm32f4xx_hal.o
 .ARM.attributes
                0x00000217       0x34 ./Drivers/STM32F4xx_HAL_Driver/Src/stm32f4xx_hal_adc.o
 .ARM.attributes
                0x0000024b       0x34 ./Drivers/STM32F4xx_HAL_Driver/Src/stm32f4xx_hal_cortex.o
 .ARM.attributes
                0x0000027f       0x34 ./Drivers/STM32F4xx_HAL_Driver/Src/stm32f4xx_hal_dma.o
 .ARM.attributes
                0x000002b3       0x34 ./Drivers/STM32F4xx_HAL_Driver/Src/stm32f4xx_hal_gpio.o
 .ARM.attributes
                0x000002e7       0x34 ./Drivers/STM32F4xx_HAL_Driver/Src/stm32f4xx_hal_i2c.o
 .ARM.attributes
                0x0000031b       0x34 ./Drivers/STM32F4xx_HAL_Driver/Src/stm32f4xx_hal_rcc.o
 .ARM.attributes
                0x0000034f       0x34 ./Drivers/STM32F4xx_HAL_Driver/Src/stm32f4xx_hal_spi.o
 .ARM.attributes
                0x00000383       0x34 /Applications/STM32CubeIDE.app/Contents/Eclipse/plugins/com.st.stm32cube.ide.mcu.externaltools.gnu-tools-for-stm32.14.3.rel1.macos64_1.0.0.202510090749/tools/bin/../lib/gcc/arm-none-eabi/14.3.1/../../../../arm-none-eabi/lib/thumb/v7e-m+fp/hard/libc_nano.a(libc_a-memset.o)
 .ARM.attributes
                0x000003b7       0x34 /Applications/STM32CubeIDE.app/Contents/Eclipse/plugins/com.st.stm32cube.ide.mcu.externaltools.gnu-tools-for-stm32.14.3.rel1.macos64_1.0.0.202510090749/tools/bin/../lib/gcc/arm-none-eabi/14.3.1/../../../../arm-none-eabi/lib/thumb/v7e-m+fp/hard/libc_nano.a(libc_a-init.o)
 .ARM.attributes
                0x000003eb       0x22 /Applications/STM32CubeIDE.app/Contents/Eclipse/plugins/com.st.stm32cube.ide.mcu.externaltools.gnu-tools-for-stm32.14.3.rel1.macos64_1.0.0.202510090749/tools/bin/../lib/gcc/arm-none-eabi/14.3.1/thumb/v7e-m+fp/hard/libgcc.a(_aeabi_uldivmod.o)
 .ARM.attributes
                0x0000040d       0x34 /Applications/STM32CubeIDE.app/Contents/Eclipse/plugins/com.st.stm32cube.ide.mcu.externaltools.gnu-tools-for-stm32.14.3.rel1.macos64_1.0.0.202510090749/tools/bin/../lib/gcc/arm-none-eabi/14.3.1/thumb/v7e-m+fp/hard/libgcc.a(_udivmoddi4.o)
 .ARM.attributes
                0x00000441       0x22 /Applications/STM32CubeIDE.app/Contents/Eclipse/plugins/com.st.stm32cube.ide.mcu.externaltools.gnu-tools-for-stm32.14.3.rel1.macos64_1.0.0.202510090749/tools/bin/../lib/gcc/arm-none-eabi/14.3.1/thumb/v7e-m+fp/hard/libgcc.a(_dvmd_tls.o)
 .ARM.attributes
                0x00000463       0x22 /Applications/STM32CubeIDE.app/Contents/Eclipse/plugins/com.st.stm32cube.ide.mcu.externaltools.gnu-tools-for-stm32.14.3.rel1.macos64_1.0.0.202510090749/tools/bin/../lib/gcc/arm-none-eabi/14.3.1/thumb/v7e-m+fp/hard/crtn.o
OUTPUT(sensor_platform.elf elf32-littlearm)
LOAD linker stubs
LOAD /Applications/STM32CubeIDE.app/Contents/Eclipse/plugins/com.st.stm32cube.ide.mcu.externaltools.gnu-tools-for-stm32.14.3.rel1.macos64_1.0.0.202510090749/tools/bin/../lib/gcc/arm-none-eabi/14.3.1/../../../../arm-none-eabi/lib/thumb/v7e-m+fp/hard/libc.a
LOAD /Applications/STM32CubeIDE.app/Contents/Eclipse/plugins/com.st.stm32cube.ide.mcu.externaltools.gnu-tools-for-stm32.14.3.rel1.macos64_1.0.0.202510090749/tools/bin/../lib/gcc/arm-none-eabi/14.3.1/../../../../arm-none-eabi/lib/thumb/v7e-m+fp/hard/libm.a
LOAD /Applications/STM32CubeIDE.app/Contents/Eclipse/plugins/com.st.stm32cube.ide.mcu.externaltools.gnu-tools-for-stm32.14.3.rel1.macos64_1.0.0.202510090749/tools/bin/../lib/gcc/arm-none-eabi/14.3.1/thumb/v7e-m+fp/hard/libgcc.a

.debug_info     0x00000000     0xc5e7
 .debug_info    0x00000000      0xcf2 ./Core/Src/imu_dashboard.o
 .debug_info    0x00000cf2     0x1608 ./Core/Src/main.o
 .debug_info    0x000022fa      0x9df ./Core/Src/mpu6050.o
 .debug_info    0x00002cd9      0xb03 ./Core/Src/st7789.o
 .debug_info    0x000037dc     0x1005 ./Core/Src/stm32f4xx_hal_msp.o
 .debug_info    0x000047e1      0x3bf ./Core/Src/stm32f4xx_it.o
 .debug_info    0x00004ba0      0x53e ./Core/Src/system_stm32f4xx.o
 .debug_info    0x000050de       0x30 ./Core/Startup/startup_stm32f411ceux.o
 .debug_info    0x0000510e      0x8c4 ./Drivers/STM32F4xx_HAL_Driver/Src/stm32f4xx_hal.o
 .debug_info    0x000059d2      0xce0 ./Drivers/STM32F4xx_HAL_Driver/Src/stm32f4xx_hal_adc.o
 .debug_info    0x000066b2      0xcfc ./Drivers/STM32F4xx_HAL_Driver/Src/stm32f4xx_hal_cortex.o
 .debug_info    0x000073ae      0x8e6 ./Drivers/STM32F4xx_HAL_Driver/Src/stm32f4xx_hal_dma.o
 .debug_info    0x00007c94      0x6f9 ./Drivers/STM32F4xx_HAL_Driver/Src/stm32f4xx_hal_gpio.o
 .debug_info    0x0000838d     0x2426 ./Drivers/STM32F4xx_HAL_Driver/Src/stm32f4xx_hal_i2c.o
 .debug_info    0x0000a7b3      0x904 ./Drivers/STM32F4xx_HAL_Driver/Src/stm32f4xx_hal_rcc.o
 .debug_info    0x0000b0b7     0x1530 ./Drivers/STM32F4xx_HAL_Driver/Src/stm32f4xx_hal_spi.o

.debug_abbrev   0x00000000     0x21e3
 .debug_abbrev  0x00000000      0x23b ./Core/Src/imu_dashboard.o
 .debug_abbrev  0x0000023b      0x2d7 ./Core/Src/main.o
 .debug_abbrev  0x00000512      0x20c ./Core/Src/mpu6050.o
 .debug_abbrev  0x0000071e      0x2d3 ./Core/Src/st7789.o
 .debug_abbrev  0x000009f1      0x22a ./Core/Src/stm32f4xx_hal_msp.o
 .debug_abbrev  0x00000c1b      0x138 ./Core/Src/stm32f4xx_it.o
 .debug_abbrev  0x00000d53      0x11a ./Core/Src/system_stm32f4xx.o
 .debug_abbrev  0x00000e6d       0x24 ./Core/Startup/startup_stm32f411ceux.o
 .debug_abbrev  0x00000e91      0x24b ./Drivers/STM32F4xx_HAL_Driver/Src/stm32f4xx_hal.o
 .debug_abbrev  0x000010dc      0x20e ./Drivers/STM32F4xx_HAL_Driver/Src/stm32f4xx_hal_adc.o
 .debug_abbrev  0x000012ea      0x31d ./Drivers/STM32F4xx_HAL_Driver/Src/stm32f4xx_hal_cortex.o
 .debug_abbrev  0x00001607      0x221 ./Drivers/STM32F4xx_HAL_Driver/Src/stm32f4xx_hal_dma.o
 .debug_abbrev  0x00001828      0x1d3 ./Drivers/STM32F4xx_HAL_Driver/Src/stm32f4xx_hal_gpio.o
 .debug_abbrev  0x000019fb      0x2bc ./Drivers/STM32F4xx_HAL_Driver/Src/stm32f4xx_hal_i2c.o
 .debug_abbrev  0x00001cb7      0x2b6 ./Drivers/STM32F4xx_HAL_Driver/Src/stm32f4xx_hal_rcc.o
 .debug_abbrev  0x00001f6d      0x276 ./Drivers/STM32F4xx_HAL_Driver/Src/stm32f4xx_hal_spi.o

.debug_aranges  0x00000000      0xc00
 .debug_aranges
                0x00000000       0xc0 ./Core/Src/imu_dashboard.o
 .debug_aranges
                0x000000c0       0x60 ./Core/Src/main.o
 .debug_aranges
                0x00000120       0x50 ./Core/Src/mpu6050.o
 .debug_aranges
                0x00000170       0x98 ./Core/Src/st7789.o
 .debug_aranges
                0x00000208       0x50 ./Core/Src/stm32f4xx_hal_msp.o
 .debug_aranges
                0x00000258       0x68 ./Core/Src/stm32f4xx_it.o
 .debug_aranges
                0x000002c0       0x28 ./Core/Src/system_stm32f4xx.o
 .debug_aranges
                0x000002e8       0x28 ./Core/Startup/startup_stm32f411ceux.o
 .debug_aranges
                0x00000310       0xf0 ./Drivers/STM32F4xx_HAL_Driver/Src/stm32f4xx_hal.o
 .debug_aranges
                0x00000400       0xe8 ./Drivers/STM32F4xx_HAL_Driver/Src/stm32f4xx_hal_adc.o
 .debug_aranges
                0x000004e8      0x130 ./Drivers/STM32F4xx_HAL_Driver/Src/stm32f4xx_hal_cortex.o
 .debug_aranges
                0x00000618       0x90 ./Drivers/STM32F4xx_HAL_Driver/Src/stm32f4xx_hal_dma.o
 .debug_aranges
                0x000006a8       0x58 ./Drivers/STM32F4xx_HAL_Driver/Src/stm32f4xx_hal_gpio.o
 .debug_aranges
                0x00000700      0x2a8 ./Drivers/STM32F4xx_HAL_Driver/Src/stm32f4xx_hal_i2c.o
 .debug_aranges
                0x000009a8       0x88 ./Drivers/STM32F4xx_HAL_Driver/Src/stm32f4xx_hal_rcc.o
 .debug_aranges
                0x00000a30      0x1d0 ./Drivers/STM32F4xx_HAL_Driver/Src/stm32f4xx_hal_spi.o

.debug_rnglists
                0x00000000      0x951
 .debug_rnglists
                0x00000000       0xa6 ./Core/Src/imu_dashboard.o
 .debug_rnglists
                0x000000a6       0x47 ./Core/Src/main.o
 .debug_rnglists
                0x000000ed       0x39 ./Core/Src/mpu6050.o
 .debug_rnglists
                0x00000126       0x71 ./Core/Src/st7789.o
 .debug_rnglists
                0x00000197       0x3a ./Core/Src/stm32f4xx_hal_msp.o
 .debug_rnglists
                0x000001d1       0x49 ./Core/Src/stm32f4xx_it.o
 .debug_rnglists
                0x0000021a       0x1a ./Core/Src/system_stm32f4xx.o
 .debug_rnglists
                0x00000234       0x19 ./Core/Startup/startup_stm32f411ceux.o
 .debug_rnglists
                0x0000024d       0xaf ./Drivers/STM32F4xx_HAL_Driver/Src/stm32f4xx_hal.o
 .debug_rnglists
                0x000002fc       0xb5 ./Drivers/STM32F4xx_HAL_Driver/Src/stm32f4xx_hal_adc.o
 .debug_rnglists
                0x000003b1       0xe0 ./Drivers/STM32F4xx_HAL_Driver/Src/stm32f4xx_hal_cortex.o
 .debug_rnglists
                0x00000491       0x70 ./Drivers/STM32F4xx_HAL_Driver/Src/stm32f4xx_hal_dma.o
 .debug_rnglists
                0x00000501       0x3f ./Drivers/STM32F4xx_HAL_Driver/Src/stm32f4xx_hal_gpio.o
 .debug_rnglists
                0x00000540      0x23c ./Drivers/STM32F4xx_HAL_Driver/Src/stm32f4xx_hal_i2c.o
 .debug_rnglists
                0x0000077c       0x66 ./Drivers/STM32F4xx_HAL_Driver/Src/stm32f4xx_hal_rcc.o
 .debug_rnglists
                0x000007e2      0x16f ./Drivers/STM32F4xx_HAL_Driver/Src/stm32f4xx_hal_spi.o

.debug_macro    0x00000000    0x16af8
 .debug_macro   0x00000000      0x253 ./Core/Src/imu_dashboard.o
 .debug_macro   0x00000253      0xad8 ./Core/Src/imu_dashboard.o
 .debug_macro   0x00000d2b      0x2a1 ./Core/Src/imu_dashboard.o
 .debug_macro   0x00000fcc       0x2e ./Core/Src/imu_dashboard.o
 .debug_macro   0x00000ffa       0x28 ./Core/Src/imu_dashboard.o
 .debug_macro   0x00001022       0x22 ./Core/Src/imu_dashboard.o
 .debug_macro   0x00001044       0x8e ./Core/Src/imu_dashboard.o
 .debug_macro   0x000010d2       0x51 ./Core/Src/imu_dashboard.o
 .debug_macro   0x00001123      0x103 ./Core/Src/imu_dashboard.o
 .debug_macro   0x00001226       0x6a ./Core/Src/imu_dashboard.o
 .debug_macro   0x00001290      0x1df ./Core/Src/imu_dashboard.o
 .debug_macro   0x0000146f       0x1c ./Core/Src/imu_dashboard.o
 .debug_macro   0x0000148b       0x22 ./Core/Src/imu_dashboard.o
 .debug_macro   0x000014ad       0xfb ./Core/Src/imu_dashboard.o
 .debug_macro   0x000015a8     0x1011 ./Core/Src/imu_dashboard.o
 .debug_macro   0x000025b9      0x11f ./Core/Src/imu_dashboard.o
 .debug_macro   0x000026d8     0xb968 ./Core/Src/imu_dashboard.o
 .debug_macro   0x0000e040       0x6d ./Core/Src/imu_dashboard.o
 .debug_macro   0x0000e0ad     0x3693 ./Core/Src/imu_dashboard.o
 .debug_macro   0x00011740      0x190 ./Core/Src/imu_dashboard.o
 .debug_macro   0x000118d0       0x5c ./Core/Src/imu_dashboard.o
 .debug_macro   0x0001192c      0x45c ./Core/Src/imu_dashboard.o
 .debug_macro   0x00011d88      0x9e9 ./Core/Src/imu_dashboard.o
 .debug_macro   0x00012771      0x115 ./Core/Src/imu_dashboard.o
 .debug_macro   0x00012886      0x11b ./Core/Src/imu_dashboard.o
 .debug_macro   0x000129a1       0xa5 ./Core/Src/imu_dashboard.o
 .debug_macro   0x00012a46      0x15f ./Core/Src/imu_dashboard.o
 .debug_macro   0x00012ba5      0x287 ./Core/Src/imu_dashboard.o
 .debug_macro   0x00012e2c       0x5f ./Core/Src/imu_dashboard.o
 .debug_macro   0x00012e8b      0x236 ./Core/Src/imu_dashboard.o
 .debug_macro   0x000130c1      0x9e1 ./Core/Src/imu_dashboard.o
 .debug_macro   0x00013aa2      0x38b ./Core/Src/imu_dashboard.o
 .debug_macro   0x00013e2d      0x17d ./Core/Src/imu_dashboard.o
 .debug_macro   0x00013faa       0xf9 ./Core/Src/imu_dashboard.o
 .debug_macro   0x000140a3      0x132 ./Core/Src/imu_dashboard.o
 .debug_macro   0x000141d5      0x264 ./Core/Src/imu_dashboard.o
 .debug_macro   0x00014439       0x2e ./Core/Src/imu_dashboard.o
 .debug_macro   0x00014467      0x1b5 ./Core/Src/imu_dashboard.o
 .debug_macro   0x0001461c       0x22 ./Core/Src/imu_dashboard.o
 .debug_macro   0x0001463e       0xd6 ./Core/Src/imu_dashboard.o
 .debug_macro   0x00014714      0x127 ./Core/Src/imu_dashboard.o
 .debug_macro   0x0001483b       0x85 ./Core/Src/imu_dashboard.o
 .debug_macro   0x000148c0       0x89 ./Core/Src/imu_dashboard.o
 .debug_macro   0x00014949      0x225 ./Core/Src/imu_dashboard.o
 .debug_macro   0x00014b6e      0x126 ./Core/Src/imu_dashboard.o
 .debug_macro   0x00014c94       0x10 ./Core/Src/imu_dashboard.o
 .debug_macro   0x00014ca4       0x22 ./Core/Src/imu_dashboard.o
 .debug_macro   0x00014cc6      0x22a ./Core/Src/main.o
 .debug_macro   0x00014ef0       0x28 ./Core/Src/main.o
 .debug_macro   0x00014f18       0x16 ./Core/Src/main.o
 .debug_macro   0x00014f2e      0x240 ./Core/Src/mpu6050.o
 .debug_macro   0x0001516e      0x261 ./Core/Src/st7789.o
 .debug_macro   0x000153cf       0x1c ./Core/Src/st7789.o
 .debug_macro   0x000153eb       0x2e ./Core/Src/st7789.o
 .debug_macro   0x00015419      0x20a ./Core/Src/stm32f4xx_hal_msp.o
 .debug_macro   0x00015623      0x214 ./Core/Src/stm32f4xx_it.o
 .debug_macro   0x00015837      0x1fb ./Core/Src/system_stm32f4xx.o
 .debug_macro   0x00015a32      0x25b ./Drivers/STM32F4xx_HAL_Driver/Src/stm32f4xx_hal.o
 .debug_macro   0x00015c8d      0x1fc ./Drivers/STM32F4xx_HAL_Driver/Src/stm32f4xx_hal_adc.o
 .debug_macro   0x00015e89      0x1fb ./Drivers/STM32F4xx_HAL_Driver/Src/stm32f4xx_hal_cortex.o
 .debug_macro   0x00016084      0x201 ./Drivers/STM32F4xx_HAL_Driver/Src/stm32f4xx_hal_dma.o
 .debug_macro   0x00016285      0x201 ./Drivers/STM32F4xx_HAL_Driver/Src/stm32f4xx_hal_gpio.o
 .debug_macro   0x00016486      0x249 ./Drivers/STM32F4xx_HAL_Driver/Src/stm32f4xx_hal_i2c.o
 .debug_macro   0x000166cf      0x21f ./Drivers/STM32F4xx_HAL_Driver/Src/stm32f4xx_hal_rcc.o
 .debug_macro   0x000168ee      0x20a ./Drivers/STM32F4xx_HAL_Driver/Src/stm32f4xx_hal_spi.o

.debug_line     0x00000000     0xeeb0
 .debug_line    0x00000000     0x109a ./Core/Src/imu_dashboard.o
 .debug_line    0x0000109a      0x968 ./Core/Src/main.o
 .debug_line    0x00001a02      0x916 ./Core/Src/mpu6050.o
 .debug_line    0x00002318      0xa80 ./Core/Src/st7789.o
 .debug_line    0x00002d98      0x87d ./Core/Src/stm32f4xx_hal_msp.o
 .debug_line    0x00003615      0x7ee ./Core/Src/stm32f4xx_it.o
 .debug_line    0x00003e03      0x797 ./Core/Src/system_stm32f4xx.o
 .debug_line    0x0000459a       0x7a ./Core/Startup/startup_stm32f411ceux.o
 .debug_line    0x00004614      0xa16 ./Drivers/STM32F4xx_HAL_Driver/Src/stm32f4xx_hal.o
 .debug_line    0x0000502a     0x116a ./Drivers/STM32F4xx_HAL_Driver/Src/stm32f4xx_hal_adc.o
 .debug_line    0x00006194      0xce3 ./Drivers/STM32F4xx_HAL_Driver/Src/stm32f4xx_hal_cortex.o
 .debug_line    0x00006e77      0xf7f ./Drivers/STM32F4xx_HAL_Driver/Src/stm32f4xx_hal_dma.o
 .debug_line    0x00007df6      0xb2c ./Drivers/STM32F4xx_HAL_Driver/Src/stm32f4xx_hal_gpio.o
 .debug_line    0x00008922     0x3ac0 ./Drivers/STM32F4xx_HAL_Driver/Src/stm32f4xx_hal_i2c.o
 .debug_line    0x0000c3e2      0xe20 ./Drivers/STM32F4xx_HAL_Driver/Src/stm32f4xx_hal_rcc.o
 .debug_line    0x0000d202     0x1cae ./Drivers/STM32F4xx_HAL_Driver/Src/stm32f4xx_hal_spi.o

.debug_str      0x00000000    0x907ae
 .debug_str     0x00000000    0x907ae ./Core/Src/imu_dashboard.o
                              0x8cfff (size before relaxing)
 .debug_str     0x000907ae    0x8dbe2 ./Core/Src/main.o
 .debug_str     0x000907ae    0x8d126 ./Core/Src/mpu6050.o
 .debug_str     0x000907ae    0x8d1e2 ./Core/Src/st7789.o
 .debug_str     0x000907ae    0x8d402 ./Core/Src/stm32f4xx_hal_msp.o
 .debug_str     0x000907ae    0x8cc5a ./Core/Src/stm32f4xx_it.o
 .debug_str     0x000907ae    0x8ca8d ./Core/Src/system_stm32f4xx.o
 .debug_str     0x000907ae       0x7d ./Core/Startup/startup_stm32f411ceux.o
 .debug_str     0x000907ae    0x8d4b9 ./Drivers/STM32F4xx_HAL_Driver/Src/stm32f4xx_hal.o
 .debug_str     0x000907ae    0x8d068 ./Drivers/STM32F4xx_HAL_Driver/Src/stm32f4xx_hal_adc.o
 .debug_str     0x000907ae    0x8d223 ./Drivers/STM32F4xx_HAL_Driver/Src/stm32f4xx_hal_cortex.o
 .debug_str     0x000907ae    0x8ce95 ./Drivers/STM32F4xx_HAL_Driver/Src/stm32f4xx_hal_dma.o
 .debug_str     0x000907ae    0x8cc08 ./Drivers/STM32F4xx_HAL_Driver/Src/stm32f4xx_hal_gpio.o
 .debug_str     0x000907ae    0x8da9e ./Drivers/STM32F4xx_HAL_Driver/Src/stm32f4xx_hal_i2c.o
 .debug_str     0x000907ae    0x8cec1 ./Drivers/STM32F4xx_HAL_Driver/Src/stm32f4xx_hal_rcc.o
 .debug_str     0x000907ae    0x8d339 ./Drivers/STM32F4xx_HAL_Driver/Src/stm32f4xx_hal_spi.o

.comment        0x00000000       0x43
 .comment       0x00000000       0x43 ./Core/Src/imu_dashboard.o
                                 0x44 (size before relaxing)
 .comment       0x00000043       0x44 ./Core/Src/main.o
 .comment       0x00000043       0x44 ./Core/Src/mpu6050.o
 .comment       0x00000043       0x44 ./Core/Src/st7789.o
 .comment       0x00000043       0x44 ./Core/Src/stm32f4xx_hal_msp.o
 .comment       0x00000043       0x44 ./Core/Src/stm32f4xx_it.o
 .comment       0x00000043       0x44 ./Core/Src/system_stm32f4xx.o
 .comment       0x00000043       0x44 ./Drivers/STM32F4xx_HAL_Driver/Src/stm32f4xx_hal.o
 .comment       0x00000043       0x44 ./Drivers/STM32F4xx_HAL_Driver/Src/stm32f4xx_hal_adc.o
 .comment       0x00000043       0x44 ./Drivers/STM32F4xx_HAL_Driver/Src/stm32f4xx_hal_cortex.o
 .comment       0x00000043       0x44 ./Drivers/STM32F4xx_HAL_Driver/Src/stm32f4xx_hal_dma.o
 .comment       0x00000043       0x44 ./Drivers/STM32F4xx_HAL_Driver/Src/stm32f4xx_hal_gpio.o
 .comment       0x00000043       0x44 ./Drivers/STM32F4xx_HAL_Driver/Src/stm32f4xx_hal_i2c.o
 .comment       0x00000043       0x44 ./Drivers/STM32F4xx_HAL_Driver/Src/stm32f4xx_hal_rcc.o
 .comment       0x00000043       0x44 ./Drivers/STM32F4xx_HAL_Driver/Src/stm32f4xx_hal_spi.o

.debug_frame    0x00000000     0x2f30
 .debug_frame   0x00000000      0x314 ./Core/Src/imu_dashboard.o
 .debug_frame   0x00000314      0x12c ./Core/Src/main.o
 .debug_frame   0x00000440      0x118 ./Core/Src/mpu6050.o
 .debug_frame   0x00000558      0x220 ./Core/Src/st7789.o
 .debug_frame   0x00000778      0x10c ./Core/Src/stm32f4xx_hal_msp.o
 .debug_frame   0x00000884      0x114 ./Core/Src/stm32f4xx_it.o
 .debug_frame   0x00000998       0x50 ./Core/Src/system_stm32f4xx.o
 .debug_frame   0x000009e8      0x31c ./Drivers/STM32F4xx_HAL_Driver/Src/stm32f4xx_hal.o
 .debug_frame   0x00000d04      0x3bc ./Drivers/STM32F4xx_HAL_Driver/Src/stm32f4xx_hal_adc.o
 .debug_frame   0x000010c0      0x4b8 ./Drivers/STM32F4xx_HAL_Driver/Src/stm32f4xx_hal_cortex.o
 .debug_frame   0x00001578      0x230 ./Drivers/STM32F4xx_HAL_Driver/Src/stm32f4xx_hal_dma.o
 .debug_frame   0x000017a8      0x130 ./Drivers/STM32F4xx_HAL_Driver/Src/stm32f4xx_hal_gpio.o
 .debug_frame   0x000018d8      0xbf4 ./Drivers/STM32F4xx_HAL_Driver/Src/stm32f4xx_hal_i2c.o
 .debug_frame   0x000024cc      0x1d8 ./Drivers/STM32F4xx_HAL_Driver/Src/stm32f4xx_hal_rcc.o
 .debug_frame   0x000026a4      0x7e0 ./Drivers/STM32F4xx_HAL_Driver/Src/stm32f4xx_hal_spi.o
 .debug_frame   0x00002e84       0x20 /Applications/STM32CubeIDE.app/Contents/Eclipse/plugins/com.st.stm32cube.ide.mcu.externaltools.gnu-tools-for-stm32.14.3.rel1.macos64_1.0.0.202510090749/tools/bin/../lib/gcc/arm-none-eabi/14.3.1/../../../../arm-none-eabi/lib/thumb/v7e-m+fp/hard/libc_nano.a(libc_a-memset.o)
 .debug_frame   0x00002ea4       0x2c /Applications/STM32CubeIDE.app/Contents/Eclipse/plugins/com.st.stm32cube.ide.mcu.externaltools.gnu-tools-for-stm32.14.3.rel1.macos64_1.0.0.202510090749/tools/bin/../lib/gcc/arm-none-eabi/14.3.1/../../../../arm-none-eabi/lib/thumb/v7e-m+fp/hard/libc_nano.a(libc_a-init.o)
 .debug_frame   0x00002ed0       0x2c /Applications/STM32CubeIDE.app/Contents/Eclipse/plugins/com.st.stm32cube.ide.mcu.externaltools.gnu-tools-for-stm32.14.3.rel1.macos64_1.0.0.202510090749/tools/bin/../lib/gcc/arm-none-eabi/14.3.1/thumb/v7e-m+fp/hard/libgcc.a(_aeabi_uldivmod.o)
 .debug_frame   0x00002efc       0x34 /Applications/STM32CubeIDE.app/Contents/Eclipse/plugins/com.st.stm32cube.ide.mcu.externaltools.gnu-tools-for-stm32.14.3.rel1.macos64_1.0.0.202510090749/tools/bin/../lib/gcc/arm-none-eabi/14.3.1/thumb/v7e-m+fp/hard/libgcc.a(_udivmoddi4.o)

.debug_line_str
                0x00000000       0x61
 .debug_line_str
                0x00000000       0x61 ./Core/Startup/startup_stm32f411ceux.o
